 ListDemo

 Timestamp is 5c4ee8a4 (Mon Jan 28 19:33:56 2019)

 Preferred load address is 00400000

 Start         Length     Name                   Class
 0001:00000000 00095413H .text                   CODE
 0001:00095420 00002b54H .text$x                 CODE
 0001:00097f80 000013f4H .text$yc                CODE
 0001:00099380 000011a2H .text$yd                CODE
 0002:00000000 00000104H .CRT$XCA                DATA
 0002:00000104 00000104H .CRT$XCAA               DATA
 0002:00000208 00000104H .CRT$XCL                DATA
 0002:0000030c 00000154H .CRT$XCU                DATA
 0002:00000460 00000104H .CRT$XCZ                DATA
 0002:00000564 00000104H .CRT$XIA                DATA
 0002:00000668 00000104H .CRT$XIAA               DATA
 0002:0000076c 00000109H .CRT$XIC                DATA
 0002:00000878 00000104H .CRT$XIY                DATA
 0002:0000097c 00000104H .CRT$XIZ                DATA
 0002:00000a80 00005251H .rdata                  DATA
 0002:00005cd4 00000178H .rdata$debug            DATA
 0002:00005e4c 00000b9fH .rdata$r                DATA
 0002:000069f0 000002c8H .rdata$sxdata           DATA
 0002:00006cb8 00000104H .rtc$IAA                DATA
 0002:00006dbc 000002b4H .rtc$IMZ                DATA
 0002:00007070 00000104H .rtc$IZZ                DATA
 0002:00007174 00000104H .rtc$TAA                DATA
 0002:00007278 000002b4H .rtc$TMZ                DATA
 0002:0000752c 00000104H .rtc$TZZ                DATA
 0002:00007630 00001e83H .xdata$x                DATA
 0002:000094b4 00000104H ATL$__a                 DATA
 0002:000095b8 00000104H ATL$__z                 DATA
 0002:000096bc 00000000H .edata                  DATA
 0003:00000000 0000f09dH .data                   DATA
 0003:0000f0a0 00000694H .bss                    DATA
 0004:00000000 00000104H .idata$2                DATA
 0004:00000104 00000014H .idata$3                DATA
 0004:00000118 00000bb0H .idata$4                DATA
 0004:00000cc8 00000bb0H .idata$5                DATA
 0004:00001878 00004271H .idata$6                DATA
 0005:00000000 00000169H .rsrc$01                DATA
 0005:00000170 00000400H .rsrc$02                DATA

  Address         Publics by Value              Rva+Base       Lib:Object

 0000:00000000       __except_list              00000000     <absolute>
 0000:0000005f       ___safe_se_handler_count   0000005f     <absolute>
 0000:00009876       __fltused                  00009876     <absolute>
 0000:00009876       __ldused                   00009876     <absolute>
 0000:00000000       ___ImageBase               00400000     <linker-defined>
 0001:00001770       ?_AfxInitManaged@@YAHXZ    00402770 f i ListMainForm.obj
 0001:00001860       ?OnQQLogin@ListMainForm@@QAEXXZ 00402860 f   ListMainForm.obj
 0001:00001dd0       ?CheckUInfo@ListMainForm@@QAE_NV?$basic_string@DU?$char_traits@D@std@@V?$allocator@D@2@@std@@0@Z 00402dd0 f   ListMainForm.obj
 0001:00001fa0       ?GetUserInfo@ListMainForm@@QAE?AV?$basic_string@DU?$char_traits@D@std@@V?$allocator@D@2@@std@@PAVCEditUI@DuiLib@@0@Z 00402fa0 f   ListMainForm.obj
 0001:000022e0       ?GetUrlInfo@ListMainForm@@QAE?AV?$map@V?$basic_string@DU?$char_traits@D@std@@V?$allocator@D@2@@std@@V12@U?$less@V?$basic_string@DU?$char_traits@D@std@@V?$allocator@D@2@@std@@@2@V?$allocator@U?$pair@$$CBV?$basic_string@DU?$char_traits@D@std@@V?$allocator@D@2@@std@@V12@@std@@@2@@std@@ABV?$basic_string@DU?$char_traits@D@std@@V?$allocator@D@2@@3@@Z 004032e0 f   ListMainForm.obj
 0001:000025a0       ?RemoveDoubleQuotationMarks@ListMainForm@@QAEXAAV?$basic_string@DU?$char_traits@D@std@@V?$allocator@D@2@@std@@@Z 004035a0 f   ListMainForm.obj
 0001:00002630       ?StrSplit@ListMainForm@@QAEXABV?$basic_string@DU?$char_traits@D@std@@V?$allocator@D@2@@std@@AAV23@1@Z 00403630 f   ListMainForm.obj
 0001:00002700       ?Init@ListMainForm@@QAEXXZ 00403700 f   ListMainForm.obj
 0001:00002a70       ?Search@ListMainForm@@SGKPAX@Z 00403a70 f   ListMainForm.obj
 0001:00002ec0       ?Login@ListMainForm@@QAEXXZ 00403ec0 f   ListMainForm.obj
 0001:00002f20       ?ChangeImg@ListMainForm@@QAEXXZ 00403f20 f   ListMainForm.obj
 0001:00003190       ?ShakeWnd@ListMainForm@@QAEXXZ 00404190 f   ListMainForm.obj
 0001:000032e0       ?OnSearch@ListMainForm@@QAEXXZ 004042e0 f   ListMainForm.obj
 0001:000035a0       ?GetItemText@ListMainForm@@UAEPBDPAVCControlUI@DuiLib@@HH@Z 004045a0 f   ListMainForm.obj
 0001:00003730       ?Notify@ListMainForm@@UAEXAAUtagTNotifyUI@DuiLib@@@Z 00404730 f   ListMainForm.obj
 0001:000045f0       ?OnAddListItem@ListMainForm@@QAEJIIJAAH@Z 004055f0 f   ListMainForm.obj
 0001:00004670       ?OnCreate@ListMainForm@@QAEJIIJAAH@Z 00405670 f   ListMainForm.obj
 0001:00004a80       ?onTimerTest@ListMainForm@@QAEXXZ 00405a80 f   ListMainForm.obj
 0001:00004af0       ?OnTimer@ListMainForm@@QAEXIJ@Z 00405af0 f   ListMainForm.obj
 0001:00004b30       ?OnNcHitTest@ListMainForm@@QAEJIIJAAH@Z 00405b30 f   ListMainForm.obj
 0001:00004d40       ?OnSize@ListMainForm@@QAEJIIJAAH@Z 00405d40 f   ListMainForm.obj
 0001:00004f70       ?OnGetMinMaxInfo@ListMainForm@@QAEJIIJAAH@Z 00405f70 f   ListMainForm.obj
 0001:000050c0       ?OnSysCommand@ListMainForm@@QAEJIIJAAH@Z 004060c0 f   ListMainForm.obj
 0001:00005270       ?HandleMessage@ListMainForm@@UAEJIIJ@Z 00406270 f   ListMainForm.obj
 0001:000055a0       ?UTF82WCS@@YA?AV?$CStringT@DV?$StrTraitMFC_DLL@DV?$ChTraitsCRT@D@ATL@@@@@ATL@@PBD@Z 004065a0 f   ListMainForm.obj
 0001:00005740       ?GetImgPath@@YAPADXZ       00406740 f   ListMainForm.obj
 0001:00005880       ?ComboSetopt@@YA?AV?$basic_string@DU?$char_traits@D@std@@V?$allocator@D@2@@std@@PAXV12@1@Z 00406880 f   ListMainForm.obj
 0001:00005d10       ?CheckLogin@@YA_NV?$basic_string@DU?$char_traits@D@std@@V?$allocator@D@2@@std@@@Z 00406d10 f   ListMainForm.obj
 0001:00005e00       ?WChar2Ansi@@YA?AV?$basic_string@DU?$char_traits@D@std@@V?$allocator@D@2@@std@@PB_W@Z 00406e00 f   ListMainForm.obj
 0001:00007160       ??$?0$$CBV?$basic_string@DU?$char_traits@D@std@@V?$allocator@D@2@@std@@V01@@?$pair@$$CBV?$basic_string@DU?$char_traits@D@std@@V?$allocator@D@2@@std@@V12@@std@@QAE@$$QAU01@PAPAX@Z 00408160 f i ListMainForm.obj
 0001:00007210       ??$?0AAV?$_Tree_iterator@V?$_Tree_val@U?$_Tree_simple_types@U?$pair@$$CBV?$basic_string@DU?$char_traits@D@std@@V?$allocator@D@2@@std@@V12@@std@@@std@@@std@@@std@@_N@?$pair@V?$_Tree_iterator@V?$_Tree_val@U?$_Tree_simple_types@U?$pair@$$CBV?$basic_string@DU?$char_traits@D@std@@V?$allocator@D@2@@std@@V12@@std@@@std@@@std@@@std@@_N@std@@QAE@AAV?$_Tree_iterator@V?$_Tree_val@U?$_Tree_simple_types@U?$pair@$$CBV?$basic_string@DU?$char_traits@D@std@@V?$allocator@D@2@@std@@V12@@std@@@std@@@std@@@1@$$QA_NPAPAX@Z 00408210 f i ListMainForm.obj
 0001:000072c0       ??$?0AAV?$basic_string@DU?$char_traits@D@std@@V?$allocator@D@2@@std@@AAV01@@?$pair@V?$basic_string@DU?$char_traits@D@std@@V?$allocator@D@2@@std@@V12@@std@@QAE@AAV?$basic_string@DU?$char_traits@D@std@@V?$allocator@D@2@@1@0PAPAX@Z 004082c0 f i ListMainForm.obj
 0001:00007370       ??$?0U?$_Tree_node@U?$pair@$$CBV?$basic_string@DU?$char_traits@D@std@@V?$allocator@D@2@@std@@V12@@std@@PAX@std@@@?$allocator@U?$pair@$$CBV?$basic_string@DU?$char_traits@D@std@@V?$allocator@D@2@@std@@V12@@std@@@std@@QAE@ABV?$allocator@U?$_Tree_node@U?$pair@$$CBV?$basic_string@DU?$char_traits@D@std@@V?$allocator@D@2@@std@@V12@@std@@PAX@std@@@1@@Z 00408370 f i ListMainForm.obj
 0001:00007390       ??$?0U?$_Tree_node@U?$pair@$$CBV?$basic_string@DU?$char_traits@D@std@@V?$allocator@D@2@@std@@V12@@std@@PAX@std@@@?$allocator@U_Container_proxy@std@@@std@@QAE@ABV?$allocator@U?$_Tree_node@U?$pair@$$CBV?$basic_string@DU?$char_traits@D@std@@V?$allocator@D@2@@std@@V12@@std@@PAX@std@@@1@@Z 00408390 f i ListMainForm.obj
 0001:000073b0       ??$?0U?$_Wrap_alloc@V?$allocator@U?$_Tree_node@U?$pair@$$CBV?$basic_string@DU?$char_traits@D@std@@V?$allocator@D@2@@std@@V12@@std@@PAX@std@@@std@@@std@@@?$_Wrap_alloc@V?$allocator@U_Container_proxy@std@@@std@@@std@@QAE@ABU?$_Wrap_alloc@V?$allocator@U?$_Tree_node@U?$pair@$$CBV?$basic_string@DU?$char_traits@D@std@@V?$allocator@D@2@@std@@V12@@std@@PAX@std@@@std@@@1@@Z 004083b0 f i ListMainForm.obj
 0001:000073f0       ??$?0V?$_Tree_iterator@V?$_Tree_val@U?$_Tree_simple_types@U?$pair@$$CBV?$basic_string@DU?$char_traits@D@std@@V?$allocator@D@2@@std@@V12@@std@@@std@@@std@@@std@@_N@?$pair@V?$_Tree_iterator@V?$_Tree_val@U?$_Tree_simple_types@U?$pair@$$CBV?$basic_string@DU?$char_traits@D@std@@V?$allocator@D@2@@std@@V12@@std@@@std@@@std@@@std@@_N@std@@QAE@$$QAU01@PAPAX@Z 004083f0 f i ListMainForm.obj
 0001:000074a0       ??$?0V?$_Tree_iterator@V?$_Tree_val@U?$_Tree_simple_types@U?$pair@$$CBV?$basic_string@DU?$char_traits@D@std@@V?$allocator@D@2@@std@@V12@@std@@@std@@@std@@@std@@_N@?$pair@V?$_Tree_iterator@V?$_Tree_val@U?$_Tree_simple_types@U?$pair@$$CBV?$basic_string@DU?$char_traits@D@std@@V?$allocator@D@2@@std@@V12@@std@@@std@@@std@@@std@@_N@std@@QAE@$$QAV?$_Tree_iterator@V?$_Tree_val@U?$_Tree_simple_types@U?$pair@$$CBV?$basic_string@DU?$char_traits@D@std@@V?$allocator@D@2@@std@@V12@@std@@@std@@@std@@@1@$$QA_NPAPAX@Z 004084a0 f i ListMainForm.obj
 0001:00007550       ??$?0V?$basic_string@DU?$char_traits@D@std@@V?$allocator@D@2@@std@@V01@@?$pair@$$CBV?$basic_string@DU?$char_traits@D@std@@V?$allocator@D@2@@std@@V12@@std@@QAE@$$QAU?$pair@V?$basic_string@DU?$char_traits@D@std@@V?$allocator@D@2@@std@@V12@@1@PAPAX@Z 00408550 f i ListMainForm.obj
 0001:00007600       ??$?0V?$basic_string@DU?$char_traits@D@std@@V?$allocator@D@2@@std@@V01@@?$pair@V?$basic_string@DU?$char_traits@D@std@@V?$allocator@D@2@@std@@V12@@std@@QAE@$$QAU01@PAPAX@Z 00408600 f i ListMainForm.obj
 0001:000076b0       ??$?6DU?$char_traits@D@std@@V?$allocator@D@1@@std@@YAAAV?$basic_ostream@DU?$char_traits@D@std@@@0@AAV10@ABV?$basic_string@DU?$char_traits@D@std@@V?$allocator@D@2@@0@@Z 004086b0 f i ListMainForm.obj
 0001:00007b60       ??$?6U?$char_traits@D@std@@@std@@YAAAV?$basic_ostream@DU?$char_traits@D@std@@@0@AAV10@PBD@Z 00408b60 f i ListMainForm.obj
 0001:00008080       ??$?8DD@std@@YA_NABV?$allocator@D@0@0@Z 00409080 f i ListMainForm.obj
 0001:00008090       ??$?8DU?$char_traits@D@std@@V?$allocator@D@1@@std@@YA_NABV?$basic_string@DU?$char_traits@D@std@@V?$allocator@D@2@@0@PBD@Z 00409090 f i ListMainForm.obj
 0001:000080e0       ??$?8U?$_Tree_node@U?$pair@$$CBV?$basic_string@DU?$char_traits@D@std@@V?$allocator@D@2@@std@@V12@@std@@PAX@std@@U01@@std@@YA_NABV?$allocator@U?$_Tree_node@U?$pair@$$CBV?$basic_string@DU?$char_traits@D@std@@V?$allocator@D@2@@std@@V12@@std@@PAX@std@@@0@0@Z 004090e0 f i ListMainForm.obj
 0001:000080f0       ??$?8V?$allocator@D@std@@V01@@std@@YA_NABU?$_Wrap_alloc@V?$allocator@D@std@@@0@0@Z 004090f0 f i ListMainForm.obj
 0001:00008140       ??$?8V?$allocator@U?$_Tree_node@U?$pair@$$CBV?$basic_string@DU?$char_traits@D@std@@V?$allocator@D@2@@std@@V12@@std@@PAX@std@@@std@@V01@@std@@YA_NABU?$_Wrap_alloc@V?$allocator@U?$_Tree_node@U?$pair@$$CBV?$basic_string@DU?$char_traits@D@std@@V?$allocator@D@2@@std@@V12@@std@@PAX@std@@@std@@@0@0@Z 00409140 f i ListMainForm.obj
 0001:00008190       ??$?9DU?$char_traits@D@std@@V?$allocator@D@1@@std@@YA_NABV?$basic_string@DU?$char_traits@D@std@@V?$allocator@D@2@@0@PBD@Z 00409190 f i ListMainForm.obj
 0001:000081f0       ??$?9V?$allocator@D@std@@V01@@std@@YA_NABU?$_Wrap_alloc@V?$allocator@D@std@@@0@0@Z 004091f0 f i ListMainForm.obj
 0001:00008250       ??$?9V?$allocator@U?$_Tree_node@U?$pair@$$CBV?$basic_string@DU?$char_traits@D@std@@V?$allocator@D@2@@std@@V12@@std@@PAX@std@@@std@@V01@@std@@YA_NABU?$_Wrap_alloc@V?$allocator@U?$_Tree_node@U?$pair@$$CBV?$basic_string@DU?$char_traits@D@std@@V?$allocator@D@2@@std@@V12@@std@@PAX@std@@@std@@@0@0@Z 00409250 f i ListMainForm.obj
 0001:000082b0       ??$?HDU?$char_traits@D@std@@V?$allocator@D@1@@std@@YA?AV?$basic_string@DU?$char_traits@D@std@@V?$allocator@D@2@@0@$$QAV10@ABV10@@Z 004092b0 f i ListMainForm.obj
 0001:00008310       ??$?HDU?$char_traits@D@std@@V?$allocator@D@1@@std@@YA?AV?$basic_string@DU?$char_traits@D@std@@V?$allocator@D@2@@0@$$QAV10@PBD@Z 00409310 f i ListMainForm.obj
 0001:00008370       ??$?HDU?$char_traits@D@std@@V?$allocator@D@1@@std@@YA?AV?$basic_string@DU?$char_traits@D@std@@V?$allocator@D@2@@0@PBDABV10@@Z 00409370 f i ListMainForm.obj
 0001:000084c0       ??$?MDU?$char_traits@D@std@@V?$allocator@D@1@@std@@YA_NABV?$basic_string@DU?$char_traits@D@std@@V?$allocator@D@2@@0@0@Z 004094c0 f i ListMainForm.obj
 0001:00008510       ??$_Allocate@D@std@@YAPADIPAD@Z 00409510 f i ListMainForm.obj
 0001:00008580       ??$_Allocate@U?$_Tree_node@U?$pair@$$CBV?$basic_string@DU?$char_traits@D@std@@V?$allocator@D@2@@std@@V12@@std@@PAX@std@@@std@@YAPAU?$_Tree_node@U?$pair@$$CBV?$basic_string@DU?$char_traits@D@std@@V?$allocator@D@2@@std@@V12@@std@@PAX@0@IPAU10@@Z 00409580 f i ListMainForm.obj
 0001:00008600       ??$_Allocate@U_Container_proxy@std@@@std@@YAPAU_Container_proxy@0@IPAU10@@Z 00409600 f i ListMainForm.obj
 0001:00008680       ??$_Allocate@V?$basic_string@DU?$char_traits@D@std@@V?$allocator@D@2@@std@@@std@@YAPAV?$basic_string@DU?$char_traits@D@std@@V?$allocator@D@2@@0@IPAV10@@Z 00409680 f i ListMainForm.obj
 0001:00008700       ??$_Buynode@U?$pair@$$CBV?$basic_string@DU?$char_traits@D@std@@V?$allocator@D@2@@std@@V12@@std@@@?$_Tree_buy@U?$pair@$$CBV?$basic_string@DU?$char_traits@D@std@@V?$allocator@D@2@@std@@V12@@std@@V?$allocator@U?$pair@$$CBV?$basic_string@DU?$char_traits@D@std@@V?$allocator@D@2@@std@@V12@@std@@@2@@std@@QAEPAU?$_Tree_node@U?$pair@$$CBV?$basic_string@DU?$char_traits@D@std@@V?$allocator@D@2@@std@@V12@@std@@PAX@1@$$QAU?$pair@$$CBV?$basic_string@DU?$char_traits@D@std@@V?$allocator@D@2@@std@@V12@@1@@Z 00409700 f i ListMainForm.obj
 0001:00008850       ??$_Buynode@U?$pair@V?$basic_string@DU?$char_traits@D@std@@V?$allocator@D@2@@std@@V12@@std@@@?$_Tree_buy@U?$pair@$$CBV?$basic_string@DU?$char_traits@D@std@@V?$allocator@D@2@@std@@V12@@std@@V?$allocator@U?$pair@$$CBV?$basic_string@DU?$char_traits@D@std@@V?$allocator@D@2@@std@@V12@@std@@@2@@std@@QAEPAU?$_Tree_node@U?$pair@$$CBV?$basic_string@DU?$char_traits@D@std@@V?$allocator@D@2@@std@@V12@@std@@PAX@1@$$QAU?$pair@V?$basic_string@DU?$char_traits@D@std@@V?$allocator@D@2@@std@@V12@@1@@Z 00409850 f i ListMainForm.obj
 0001:000089a0       ??$_Buynode_if_nil@AAU?$pair@$$CBV?$basic_string@DU?$char_traits@D@std@@V?$allocator@D@2@@std@@V12@@std@@@?$_Tree@V?$_Tmap_traits@V?$basic_string@DU?$char_traits@D@std@@V?$allocator@D@2@@std@@V12@U?$less@V?$basic_string@DU?$char_traits@D@std@@V?$allocator@D@2@@std@@@2@V?$allocator@U?$pair@$$CBV?$basic_string@DU?$char_traits@D@std@@V?$allocator@D@2@@std@@V12@@std@@@2@$0A@@std@@@std@@IAEPAU?$_Tree_node@U?$pair@$$CBV?$basic_string@DU?$char_traits@D@std@@V?$allocator@D@2@@std@@V12@@std@@PAX@1@PAU21@AAU?$pair@$$CBV?$basic_string@DU?$char_traits@D@std@@V?$allocator@D@2@@std@@V12@@1@@Z 004099a0 f i ListMainForm.obj
 0001:000089c0       ??$_Copy@U?$integral_constant@_N$00@std@@@?$_Tree@V?$_Tmap_traits@V?$basic_string@DU?$char_traits@D@std@@V?$allocator@D@2@@std@@V12@U?$less@V?$basic_string@DU?$char_traits@D@std@@V?$allocator@D@2@@std@@@2@V?$allocator@U?$pair@$$CBV?$basic_string@DU?$char_traits@D@std@@V?$allocator@D@2@@std@@V12@@std@@@2@$0A@@std@@@std@@IAEXABV01@U?$integral_constant@_N$00@1@@Z 004099c0 f i ListMainForm.obj
 0001:00008ad0       ??$_Copy_nodes@U?$integral_constant@_N$00@std@@@?$_Tree@V?$_Tmap_traits@V?$basic_string@DU?$char_traits@D@std@@V?$allocator@D@2@@std@@V12@U?$less@V?$basic_string@DU?$char_traits@D@std@@V?$allocator@D@2@@std@@@2@V?$allocator@U?$pair@$$CBV?$basic_string@DU?$char_traits@D@std@@V?$allocator@D@2@@std@@V12@@std@@@2@$0A@@std@@@std@@IAEPAU?$_Tree_node@U?$pair@$$CBV?$basic_string@DU?$char_traits@D@std@@V?$allocator@D@2@@std@@V12@@std@@PAX@1@PAU21@0U?$integral_constant@_N$00@1@@Z 00409ad0 f i ListMainForm.obj
 0001:00008cc0       ??$_DebugHeapDelete@V_Facet_base@std@@@std@@YAXPAV_Facet_base@0@@Z 00409cc0 f i ListMainForm.obj
 0001:00008d20       ??$_Debug_lt_pred@U?$less@V?$basic_string@DU?$char_traits@D@std@@V?$allocator@D@2@@std@@@std@@V?$basic_string@DU?$char_traits@D@std@@V?$allocator@D@2@@2@V32@@std@@YA_NU?$less@V?$basic_string@DU?$char_traits@D@std@@V?$allocator@D@2@@std@@@0@ABV?$basic_string@DU?$char_traits@D@std@@V?$allocator@D@2@@0@1PB_WI@Z 00409d20 f i ListMainForm.obj
 0001:00008da0       ??$_Debug_pointer@D@std@@YAXPBDPB_WI@Z 00409da0 f i ListMainForm.obj
 0001:00008de0       ??$_Debug_pointer@V?$basic_string@DU?$char_traits@D@std@@V?$allocator@D@2@@std@@@std@@YAXPAV?$basic_string@DU?$char_traits@D@std@@V?$allocator@D@2@@0@PB_WI@Z 00409de0 f i ListMainForm.obj
 0001:00008e20       ??$_Debug_range2@PAV?$basic_string@DU?$char_traits@D@std@@V?$allocator@D@2@@std@@@std@@YAXPAV?$basic_string@DU?$char_traits@D@std@@V?$allocator@D@2@@0@0PB_WIUrandom_access_iterator_tag@0@@Z 00409e20 f i ListMainForm.obj
 0001:00008ea0       ??$_Debug_range@PAV?$basic_string@DU?$char_traits@D@std@@V?$allocator@D@2@@std@@@std@@YAXPAV?$basic_string@DU?$char_traits@D@std@@V?$allocator@D@2@@0@0PB_WI@Z 00409ea0 f i ListMainForm.obj
 0001:00008f00       ??$_Destroy_range@U?$_Wrap_alloc@V?$allocator@V?$basic_string@DU?$char_traits@D@std@@V?$allocator@D@2@@std@@@std@@@std@@@std@@YAXPAV?$basic_string@DU?$char_traits@D@std@@V?$allocator@D@2@@0@0AAU?$_Wrap_alloc@V?$allocator@V?$basic_string@DU?$char_traits@D@std@@V?$allocator@D@2@@std@@@std@@@0@@Z 00409f00 f i ListMainForm.obj
 0001:00008f60       ??$_Destroy_range@U?$_Wrap_alloc@V?$allocator@V?$basic_string@DU?$char_traits@D@std@@V?$allocator@D@2@@std@@@std@@@std@@@std@@YAXPAV?$basic_string@DU?$char_traits@D@std@@V?$allocator@D@2@@0@0AAU?$_Wrap_alloc@V?$allocator@V?$basic_string@DU?$char_traits@D@std@@V?$allocator@D@2@@std@@@std@@@0@U_Nonscalar_ptr_iterator_tag@0@@Z 00409f60 f i ListMainForm.obj
 0001:00008fa0       ??$_Fgetc@D@std@@YA_NAADPAU_iobuf@@@Z 00409fa0 f i ListMainForm.obj
 0001:00009000       ??$_Fputc@D@std@@YA_NDPAU_iobuf@@@Z 0040a000 f i ListMainForm.obj
 0001:00009070       ??$_Insert_at@AAU?$pair@$$CBV?$basic_string@DU?$char_traits@D@std@@V?$allocator@D@2@@std@@V12@@std@@PAU?$_Tree_node@U?$pair@$$CBV?$basic_string@DU?$char_traits@D@std@@V?$allocator@D@2@@std@@V12@@std@@PAX@2@@?$_Tree@V?$_Tmap_traits@V?$basic_string@DU?$char_traits@D@std@@V?$allocator@D@2@@std@@V12@U?$less@V?$basic_string@DU?$char_traits@D@std@@V?$allocator@D@2@@std@@@2@V?$allocator@U?$pair@$$CBV?$basic_string@DU?$char_traits@D@std@@V?$allocator@D@2@@std@@V12@@std@@@2@$0A@@std@@@std@@IAE?AV?$_Tree_iterator@V?$_Tree_val@U?$_Tree_simple_types@U?$pair@$$CBV?$basic_string@DU?$char_traits@D@std@@V?$allocator@D@2@@std@@V12@@std@@@std@@@std@@@1@_NPAU?$_Tree_node@U?$pair@$$CBV?$basic_string@DU?$char_traits@D@std@@V?$allocator@D@2@@std@@V12@@std@@PAX@1@AAU?$pair@$$CBV?$basic_string@DU?$char_traits@D@std@@V?$allocator@D@2@@std@@V12@@1@1@Z 0040a070 f i ListMainForm.obj
 0001:000095e0       ??$_Insert_nohint@AAU?$pair@$$CBV?$basic_string@DU?$char_traits@D@std@@V?$allocator@D@2@@std@@V12@@std@@PAU?$_Tree_node@U?$pair@$$CBV?$basic_string@DU?$char_traits@D@std@@V?$allocator@D@2@@std@@V12@@std@@PAX@2@@?$_Tree@V?$_Tmap_traits@V?$basic_string@DU?$char_traits@D@std@@V?$allocator@D@2@@std@@V12@U?$less@V?$basic_string@DU?$char_traits@D@std@@V?$allocator@D@2@@std@@@2@V?$allocator@U?$pair@$$CBV?$basic_string@DU?$char_traits@D@std@@V?$allocator@D@2@@std@@V12@@std@@@2@$0A@@std@@@std@@IAE?AU?$pair@V?$_Tree_iterator@V?$_Tree_val@U?$_Tree_simple_types@U?$pair@$$CBV?$basic_string@DU?$char_traits@D@std@@V?$allocator@D@2@@std@@V12@@std@@@std@@@std@@@std@@_N@1@_NAAU?$pair@$$CBV?$basic_string@DU?$char_traits@D@std@@V?$allocator@D@2@@std@@V12@@1@PAU?$_Tree_node@U?$pair@$$CBV?$basic_string@DU?$char_traits@D@std@@V?$allocator@D@2@@std@@V12@@std@@PAX@1@@Z 0040a5e0 f i ListMainForm.obj
 0001:00009e10       ??$_Iter_cat@PAV?$basic_string@DU?$char_traits@D@std@@V?$allocator@D@2@@std@@@std@@YA?AUrandom_access_iterator_tag@0@ABQAV?$basic_string@DU?$char_traits@D@std@@V?$allocator@D@2@@0@@Z 0040ae10 f i ListMainForm.obj
 0001:00009e80       ??$_Kfn@$$CBV?$basic_string@DU?$char_traits@D@std@@V?$allocator@D@2@@std@@V12@@?$_Tmap_traits@V?$basic_string@DU?$char_traits@D@std@@V?$allocator@D@2@@std@@V12@U?$less@V?$basic_string@DU?$char_traits@D@std@@V?$allocator@D@2@@std@@@2@V?$allocator@U?$pair@$$CBV?$basic_string@DU?$char_traits@D@std@@V?$allocator@D@2@@std@@V12@@std@@@2@$0A@@std@@SAABV?$basic_string@DU?$char_traits@D@std@@V?$allocator@D@2@@1@ABU?$pair@$$CBV?$basic_string@DU?$char_traits@D@std@@V?$allocator@D@2@@std@@V12@@1@@Z 0040ae80 f i ListMainForm.obj
 0001:00009e90       ??$_Move@AAD@std@@YA$$QADAAD@Z 0040ae90 f i ListMainForm.obj
 0001:00009ea0       ??$_Move@AAI@std@@YA$$QAIAAI@Z 0040aea0 f i ListMainForm.obj
 0001:00009eb0       ??$_Move@AAPAU?$_Tree_node@U?$pair@$$CBV?$basic_string@DU?$char_traits@D@std@@V?$allocator@D@2@@std@@V12@@std@@PAX@std@@@std@@YA$$QAPAU?$_Tree_node@U?$pair@$$CBV?$basic_string@DU?$char_traits@D@std@@V?$allocator@D@2@@std@@V12@@std@@PAX@0@AAPAU10@@Z 0040aeb0 f i ListMainForm.obj
 0001:00009ec0       ??$_Move@PAV?$basic_string@DU?$char_traits@D@std@@V?$allocator@D@2@@std@@PAV12@@std@@YAPAV?$basic_string@DU?$char_traits@D@std@@V?$allocator@D@2@@0@PAV10@00@Z 0040aec0 f i ListMainForm.obj
 0001:00009f20       ??$_Move@PAV?$basic_string@DU?$char_traits@D@std@@V?$allocator@D@2@@std@@PAV12@@std@@YAPAV?$basic_string@DU?$char_traits@D@std@@V?$allocator@D@2@@0@PAV10@00U_Nonscalar_ptr_iterator_tag@0@@Z 0040af20 f i ListMainForm.obj
 0001:00009f80       ??$_Ptr_cat@V?$basic_string@DU?$char_traits@D@std@@V?$allocator@D@2@@std@@V12@@std@@YA?AU_Nonscalar_ptr_iterator_tag@0@PAV?$basic_string@DU?$char_traits@D@std@@V?$allocator@D@2@@0@0@Z 0040af80 f i ListMainForm.obj
 0001:00009fe0       ??$_Swap_adl@PAU?$_Tree_node@U?$pair@$$CBV?$basic_string@DU?$char_traits@D@std@@V?$allocator@D@2@@std@@V12@@std@@PAX@std@@@std@@YAXAAPAU?$_Tree_node@U?$pair@$$CBV?$basic_string@DU?$char_traits@D@std@@V?$allocator@D@2@@std@@V12@@std@@PAX@0@0@Z 0040afe0 f i ListMainForm.obj
 0001:0000a010       ??$_Umove@PAV?$basic_string@DU?$char_traits@D@std@@V?$allocator@D@2@@std@@@?$vector@V?$basic_string@DU?$char_traits@D@std@@V?$allocator@D@2@@std@@V?$allocator@V?$basic_string@DU?$char_traits@D@std@@V?$allocator@D@2@@std@@@2@@std@@IAEPAV?$basic_string@DU?$char_traits@D@std@@V?$allocator@D@2@@1@PAV21@00@Z 0040b010 f i ListMainForm.obj
 0001:0000a0b0       ??$_Ungetc@D@std@@YA_NABDPAU_iobuf@@@Z 0040b0b0 f i ListMainForm.obj
 0001:0000a120       ??$_Uninit_def_fill_n@PAV?$basic_string@DU?$char_traits@D@std@@V?$allocator@D@2@@std@@IV?$allocator@V?$basic_string@DU?$char_traits@D@std@@V?$allocator@D@2@@std@@@2@V12@@std@@YAXPAV?$basic_string@DU?$char_traits@D@std@@V?$allocator@D@2@@0@IAAU?$_Wrap_alloc@V?$allocator@V?$basic_string@DU?$char_traits@D@std@@V?$allocator@D@2@@std@@@std@@@0@0U_Nonscalar_ptr_iterator_tag@0@@Z 0040b120 f i ListMainForm.obj
 0001:0000a220       ??$_Uninit_move@PAV?$basic_string@DU?$char_traits@D@std@@V?$allocator@D@2@@std@@PAV12@V?$allocator@V?$basic_string@DU?$char_traits@D@std@@V?$allocator@D@2@@std@@@2@V12@@std@@YAPAV?$basic_string@DU?$char_traits@D@std@@V?$allocator@D@2@@0@PAV10@00AAU?$_Wrap_alloc@V?$allocator@V?$basic_string@DU?$char_traits@D@std@@V?$allocator@D@2@@std@@@std@@@0@0U_Nonscalar_ptr_iterator_tag@0@@Z 0040b220 f i ListMainForm.obj
 0001:0000a360       ??$_Uninitialized_default_fill_n@PAV?$basic_string@DU?$char_traits@D@std@@V?$allocator@D@2@@std@@IU?$_Wrap_alloc@V?$allocator@V?$basic_string@DU?$char_traits@D@std@@V?$allocator@D@2@@std@@@std@@@2@@std@@YAXPAV?$basic_string@DU?$char_traits@D@std@@V?$allocator@D@2@@0@IAAU?$_Wrap_alloc@V?$allocator@V?$basic_string@DU?$char_traits@D@std@@V?$allocator@D@2@@std@@@std@@@0@@Z 0040b360 f i ListMainForm.obj
 0001:0000a3d0       ??$_Uninitialized_move@PAV?$basic_string@DU?$char_traits@D@std@@V?$allocator@D@2@@std@@PAV12@U?$_Wrap_alloc@V?$allocator@V?$basic_string@DU?$char_traits@D@std@@V?$allocator@D@2@@std@@@std@@@2@@std@@YAPAV?$basic_string@DU?$char_traits@D@std@@V?$allocator@D@2@@0@PAV10@00AAU?$_Wrap_alloc@V?$allocator@V?$basic_string@DU?$char_traits@D@std@@V?$allocator@D@2@@std@@@std@@@0@@Z 0040b3d0 f i ListMainForm.obj
 0001:0000a440       ??$_Val_type@PAV?$basic_string@DU?$char_traits@D@std@@V?$allocator@D@2@@std@@@std@@YAPAV?$basic_string@DU?$char_traits@D@std@@V?$allocator@D@2@@0@PAV10@@Z 0040b440 f i ListMainForm.obj
 0001:0000a450       ??$addressof@D@std@@YAPADAAD@Z 0040b450 f i ListMainForm.obj
 0001:0000a460       ??$addressof@PAU?$_Tree_node@U?$pair@$$CBV?$basic_string@DU?$char_traits@D@std@@V?$allocator@D@2@@std@@V12@@std@@PAX@std@@@std@@YAPAPAU?$_Tree_node@U?$pair@$$CBV?$basic_string@DU?$char_traits@D@std@@V?$allocator@D@2@@std@@V12@@std@@PAX@0@AAPAU10@@Z 0040b460 f i ListMainForm.obj
 0001:0000a470       ??$addressof@U?$pair@$$CBV?$basic_string@DU?$char_traits@D@std@@V?$allocator@D@2@@std@@V12@@std@@@std@@YAPAU?$pair@$$CBV?$basic_string@DU?$char_traits@D@std@@V?$allocator@D@2@@std@@V12@@0@AAU10@@Z 0040b470 f i ListMainForm.obj
 0001:0000a480       ??$addressof@V?$basic_string@DU?$char_traits@D@std@@V?$allocator@D@2@@std@@@std@@YAPAV?$basic_string@DU?$char_traits@D@std@@V?$allocator@D@2@@0@AAV10@@Z 0040b480 f i ListMainForm.obj
 0001:0000a490       ??$assign@V?$_String_iterator@V?$_String_val@U?$_Simple_types@D@std@@@std@@@std@@@?$basic_string@DU?$char_traits@D@std@@V?$allocator@D@2@@std@@QAEAAV01@V?$_String_iterator@V?$_String_val@U?$_Simple_types@D@std@@@std@@@1@0@Z 0040b490 f i ListMainForm.obj
 0001:0000a630       ??$construct@PADAAPAD@?$_Wrap_alloc@V?$allocator@D@std@@@std@@QAEXPAPADAAPAD@Z 0040b630 f i ListMainForm.obj
 0001:0000a680       ??$construct@PADAAPAD@?$allocator@D@std@@QAEXPAPADAAPAD@Z 0040b680 f i ListMainForm.obj
 0001:0000a750       ??$construct@PADAAPAD@?$allocator_traits@V?$allocator@D@std@@@std@@SAXAAV?$allocator@D@1@PAPADAAPAD@Z 0040b750 f i ListMainForm.obj
 0001:0000a780       ??$construct@PAU?$_Tree_node@U?$pair@$$CBV?$basic_string@DU?$char_traits@D@std@@V?$allocator@D@2@@std@@V12@@std@@PAX@std@@AAPAU12@@?$_Wrap_alloc@V?$allocator@U?$_Tree_node@U?$pair@$$CBV?$basic_string@DU?$char_traits@D@std@@V?$allocator@D@2@@std@@V12@@std@@PAX@std@@@std@@@std@@QAEXPAPAU?$_Tree_node@U?$pair@$$CBV?$basic_string@DU?$char_traits@D@std@@V?$allocator@D@2@@std@@V12@@std@@PAX@1@AAPAU21@@Z 0040b780 f i ListMainForm.obj
 0001:0000a7d0       ??$construct@PAU?$_Tree_node@U?$pair@$$CBV?$basic_string@DU?$char_traits@D@std@@V?$allocator@D@2@@std@@V12@@std@@PAX@std@@AAPAU12@@?$allocator@U?$_Tree_node@U?$pair@$$CBV?$basic_string@DU?$char_traits@D@std@@V?$allocator@D@2@@std@@V12@@std@@PAX@std@@@std@@QAEXPAPAU?$_Tree_node@U?$pair@$$CBV?$basic_string@DU?$char_traits@D@std@@V?$allocator@D@2@@std@@V12@@std@@PAX@1@AAPAU21@@Z 0040b7d0 f i ListMainForm.obj
 0001:0000a8a0       ??$construct@PAU?$_Tree_node@U?$pair@$$CBV?$basic_string@DU?$char_traits@D@std@@V?$allocator@D@2@@std@@V12@@std@@PAX@std@@AAPAU12@@?$allocator_traits@V?$allocator@U?$_Tree_node@U?$pair@$$CBV?$basic_string@DU?$char_traits@D@std@@V?$allocator@D@2@@std@@V12@@std@@PAX@std@@@std@@@std@@SAXAAV?$allocator@U?$_Tree_node@U?$pair@$$CBV?$basic_string@DU?$char_traits@D@std@@V?$allocator@D@2@@std@@V12@@std@@PAX@std@@@1@PAPAU?$_Tree_node@U?$pair@$$CBV?$basic_string@DU?$char_traits@D@std@@V?$allocator@D@2@@std@@V12@@std@@PAX@1@AAPAU31@@Z 0040b8a0 f i ListMainForm.obj
 0001:0000a8d0       ??$construct@U?$pair@$$CBV?$basic_string@DU?$char_traits@D@std@@V?$allocator@D@2@@std@@V12@@std@@U12@@?$_Wrap_alloc@V?$allocator@U?$_Tree_node@U?$pair@$$CBV?$basic_string@DU?$char_traits@D@std@@V?$allocator@D@2@@std@@V12@@std@@PAX@std@@@std@@@std@@QAEXPAU?$pair@$$CBV?$basic_string@DU?$char_traits@D@std@@V?$allocator@D@2@@std@@V12@@1@$$QAU21@@Z 0040b8d0 f i ListMainForm.obj
 0001:0000a920       ??$construct@U?$pair@$$CBV?$basic_string@DU?$char_traits@D@std@@V?$allocator@D@2@@std@@V12@@std@@U12@@?$allocator@U?$_Tree_node@U?$pair@$$CBV?$basic_string@DU?$char_traits@D@std@@V?$allocator@D@2@@std@@V12@@std@@PAX@std@@@std@@QAEXPAU?$pair@$$CBV?$basic_string@DU?$char_traits@D@std@@V?$allocator@D@2@@std@@V12@@1@$$QAU21@@Z 0040b920 f i ListMainForm.obj
 0001:0000a9f0       ??$construct@U?$pair@$$CBV?$basic_string@DU?$char_traits@D@std@@V?$allocator@D@2@@std@@V12@@std@@U12@@?$allocator_traits@V?$allocator@U?$_Tree_node@U?$pair@$$CBV?$basic_string@DU?$char_traits@D@std@@V?$allocator@D@2@@std@@V12@@std@@PAX@std@@@std@@@std@@SAXAAV?$allocator@U?$_Tree_node@U?$pair@$$CBV?$basic_string@DU?$char_traits@D@std@@V?$allocator@D@2@@std@@V12@@std@@PAX@std@@@1@PAU?$pair@$$CBV?$basic_string@DU?$char_traits@D@std@@V?$allocator@D@2@@std@@V12@@1@$$QAU31@@Z 0040b9f0 f i ListMainForm.obj
 0001:0000aa20       ??$construct@U?$pair@$$CBV?$basic_string@DU?$char_traits@D@std@@V?$allocator@D@2@@std@@V12@@std@@U?$pair@V?$basic_string@DU?$char_traits@D@std@@V?$allocator@D@2@@std@@V12@@2@@?$_Wrap_alloc@V?$allocator@U?$_Tree_node@U?$pair@$$CBV?$basic_string@DU?$char_traits@D@std@@V?$allocator@D@2@@std@@V12@@std@@PAX@std@@@std@@@std@@QAEXPAU?$pair@$$CBV?$basic_string@DU?$char_traits@D@std@@V?$allocator@D@2@@std@@V12@@1@$$QAU?$pair@V?$basic_string@DU?$char_traits@D@std@@V?$allocator@D@2@@std@@V12@@1@@Z 0040ba20 f i ListMainForm.obj
 0001:0000aa70       ??$construct@U?$pair@$$CBV?$basic_string@DU?$char_traits@D@std@@V?$allocator@D@2@@std@@V12@@std@@U?$pair@V?$basic_string@DU?$char_traits@D@std@@V?$allocator@D@2@@std@@V12@@2@@?$allocator@U?$_Tree_node@U?$pair@$$CBV?$basic_string@DU?$char_traits@D@std@@V?$allocator@D@2@@std@@V12@@std@@PAX@std@@@std@@QAEXPAU?$pair@$$CBV?$basic_string@DU?$char_traits@D@std@@V?$allocator@D@2@@std@@V12@@1@$$QAU?$pair@V?$basic_string@DU?$char_traits@D@std@@V?$allocator@D@2@@std@@V12@@1@@Z 0040ba70 f i ListMainForm.obj
 0001:0000ab40       ??$construct@U?$pair@$$CBV?$basic_string@DU?$char_traits@D@std@@V?$allocator@D@2@@std@@V12@@std@@U?$pair@V?$basic_string@DU?$char_traits@D@std@@V?$allocator@D@2@@std@@V12@@2@@?$allocator_traits@V?$allocator@U?$_Tree_node@U?$pair@$$CBV?$basic_string@DU?$char_traits@D@std@@V?$allocator@D@2@@std@@V12@@std@@PAX@std@@@std@@@std@@SAXAAV?$allocator@U?$_Tree_node@U?$pair@$$CBV?$basic_string@DU?$char_traits@D@std@@V?$allocator@D@2@@std@@V12@@std@@PAX@std@@@1@PAU?$pair@$$CBV?$basic_string@DU?$char_traits@D@std@@V?$allocator@D@2@@std@@V12@@1@$$QAU?$pair@V?$basic_string@DU?$char_traits@D@std@@V?$allocator@D@2@@std@@V12@@1@@Z 0040bb40 f i ListMainForm.obj
 0001:0000ab70       ??$construct@U_Container_proxy@std@@U12@@?$_Wrap_alloc@V?$allocator@U_Container_proxy@std@@@std@@@std@@QAEXPAU_Container_proxy@1@$$QAU21@@Z 0040bb70 f i ListMainForm.obj
 0001:0000abc0       ??$construct@U_Container_proxy@std@@U12@@?$allocator@U_Container_proxy@std@@@std@@QAEXPAU_Container_proxy@1@$$QAU21@@Z 0040bbc0 f i ListMainForm.obj
 0001:0000ac90       ??$construct@U_Container_proxy@std@@U12@@?$allocator_traits@V?$allocator@U_Container_proxy@std@@@std@@@std@@SAXAAV?$allocator@U_Container_proxy@std@@@1@PAU_Container_proxy@1@$$QAU31@@Z 0040bc90 f i ListMainForm.obj
 0001:0000acc0       ??$construct@V?$basic_string@DU?$char_traits@D@std@@V?$allocator@D@2@@std@@@?$allocator_traits@V?$allocator@V?$basic_string@DU?$char_traits@D@std@@V?$allocator@D@2@@std@@@std@@@std@@SAXAAV?$allocator@V?$basic_string@DU?$char_traits@D@std@@V?$allocator@D@2@@std@@@1@PAV?$basic_string@DU?$char_traits@D@std@@V?$allocator@D@2@@1@@Z 0040bcc0 f i ListMainForm.obj
 0001:0000ace0       ??$construct@V?$basic_string@DU?$char_traits@D@std@@V?$allocator@D@2@@std@@V12@@?$_Wrap_alloc@V?$allocator@V?$basic_string@DU?$char_traits@D@std@@V?$allocator@D@2@@std@@@std@@@std@@QAEXPAV?$basic_string@DU?$char_traits@D@std@@V?$allocator@D@2@@1@$$QAV21@@Z 0040bce0 f i ListMainForm.obj
 0001:0000ad30       ??$construct@V?$basic_string@DU?$char_traits@D@std@@V?$allocator@D@2@@std@@V12@@?$allocator@V?$basic_string@DU?$char_traits@D@std@@V?$allocator@D@2@@std@@@std@@QAEXPAV?$basic_string@DU?$char_traits@D@std@@V?$allocator@D@2@@1@$$QAV21@@Z 0040bd30 f i ListMainForm.obj
 0001:0000ae00       ??$construct@V?$basic_string@DU?$char_traits@D@std@@V?$allocator@D@2@@std@@V12@@?$allocator_traits@V?$allocator@V?$basic_string@DU?$char_traits@D@std@@V?$allocator@D@2@@std@@@std@@@std@@SAXAAV?$allocator@V?$basic_string@DU?$char_traits@D@std@@V?$allocator@D@2@@std@@@1@PAV?$basic_string@DU?$char_traits@D@std@@V?$allocator@D@2@@1@$$QAV31@@Z 0040be00 f i ListMainForm.obj
 0001:0000ae30       ??$destroy@PAD@?$_Wrap_alloc@V?$allocator@D@std@@@std@@QAEXPAPAD@Z 0040be30 f i ListMainForm.obj
 0001:0000ae70       ??$destroy@PAD@?$allocator@D@std@@QAEXPAPAD@Z 0040be70 f i ListMainForm.obj
 0001:0000ae90       ??$destroy@PAD@?$allocator_traits@V?$allocator@D@std@@@std@@SAXAAV?$allocator@D@1@PAPAD@Z 0040be90 f i ListMainForm.obj
 0001:0000aeb0       ??$destroy@PAU?$_Tree_node@U?$pair@$$CBV?$basic_string@DU?$char_traits@D@std@@V?$allocator@D@2@@std@@V12@@std@@PAX@std@@@?$_Wrap_alloc@V?$allocator@U?$_Tree_node@U?$pair@$$CBV?$basic_string@DU?$char_traits@D@std@@V?$allocator@D@2@@std@@V12@@std@@PAX@std@@@std@@@std@@QAEXPAPAU?$_Tree_node@U?$pair@$$CBV?$basic_string@DU?$char_traits@D@std@@V?$allocator@D@2@@std@@V12@@std@@PAX@1@@Z 0040beb0 f i ListMainForm.obj
 0001:0000aef0       ??$destroy@PAU?$_Tree_node@U?$pair@$$CBV?$basic_string@DU?$char_traits@D@std@@V?$allocator@D@2@@std@@V12@@std@@PAX@std@@@?$allocator@U?$_Tree_node@U?$pair@$$CBV?$basic_string@DU?$char_traits@D@std@@V?$allocator@D@2@@std@@V12@@std@@PAX@std@@@std@@QAEXPAPAU?$_Tree_node@U?$pair@$$CBV?$basic_string@DU?$char_traits@D@std@@V?$allocator@D@2@@std@@V12@@std@@PAX@1@@Z 0040bef0 f i ListMainForm.obj
 0001:0000af10       ??$destroy@PAU?$_Tree_node@U?$pair@$$CBV?$basic_string@DU?$char_traits@D@std@@V?$allocator@D@2@@std@@V12@@std@@PAX@std@@@?$allocator_traits@V?$allocator@U?$_Tree_node@U?$pair@$$CBV?$basic_string@DU?$char_traits@D@std@@V?$allocator@D@2@@std@@V12@@std@@PAX@std@@@std@@@std@@SAXAAV?$allocator@U?$_Tree_node@U?$pair@$$CBV?$basic_string@DU?$char_traits@D@std@@V?$allocator@D@2@@std@@V12@@std@@PAX@std@@@1@PAPAU?$_Tree_node@U?$pair@$$CBV?$basic_string@DU?$char_traits@D@std@@V?$allocator@D@2@@std@@V12@@std@@PAX@1@@Z 0040bf10 f i ListMainForm.obj
 0001:0000af30       ??$destroy@U?$pair@$$CBV?$basic_string@DU?$char_traits@D@std@@V?$allocator@D@2@@std@@V12@@std@@@?$_Wrap_alloc@V?$allocator@U?$_Tree_node@U?$pair@$$CBV?$basic_string@DU?$char_traits@D@std@@V?$allocator@D@2@@std@@V12@@std@@PAX@std@@@std@@@std@@QAEXPAU?$pair@$$CBV?$basic_string@DU?$char_traits@D@std@@V?$allocator@D@2@@std@@V12@@1@@Z 0040bf30 f i ListMainForm.obj
 0001:0000af70       ??$destroy@U?$pair@$$CBV?$basic_string@DU?$char_traits@D@std@@V?$allocator@D@2@@std@@V12@@std@@@?$allocator@U?$_Tree_node@U?$pair@$$CBV?$basic_string@DU?$char_traits@D@std@@V?$allocator@D@2@@std@@V12@@std@@PAX@std@@@std@@QAEXPAU?$pair@$$CBV?$basic_string@DU?$char_traits@D@std@@V?$allocator@D@2@@std@@V12@@1@@Z 0040bf70 f i ListMainForm.obj
 0001:0000afb0       ??$destroy@U?$pair@$$CBV?$basic_string@DU?$char_traits@D@std@@V?$allocator@D@2@@std@@V12@@std@@@?$allocator_traits@V?$allocator@U?$_Tree_node@U?$pair@$$CBV?$basic_string@DU?$char_traits@D@std@@V?$allocator@D@2@@std@@V12@@std@@PAX@std@@@std@@@std@@SAXAAV?$allocator@U?$_Tree_node@U?$pair@$$CBV?$basic_string@DU?$char_traits@D@std@@V?$allocator@D@2@@std@@V12@@std@@PAX@std@@@1@PAU?$pair@$$CBV?$basic_string@DU?$char_traits@D@std@@V?$allocator@D@2@@std@@V12@@1@@Z 0040bfb0 f i ListMainForm.obj
 0001:0000afd0       ??$destroy@U_Container_proxy@std@@@?$_Wrap_alloc@V?$allocator@U_Container_proxy@std@@@std@@@std@@QAEXPAU_Container_proxy@1@@Z 0040bfd0 f i ListMainForm.obj
 0001:0000b010       ??$destroy@U_Container_proxy@std@@@?$allocator@U_Container_proxy@std@@@std@@QAEXPAU_Container_proxy@1@@Z 0040c010 f i ListMainForm.obj
 0001:0000b030       ??$destroy@U_Container_proxy@std@@@?$allocator_traits@V?$allocator@U_Container_proxy@std@@@std@@@std@@SAXAAV?$allocator@U_Container_proxy@std@@@1@PAU_Container_proxy@1@@Z 0040c030 f i ListMainForm.obj
 0001:0000b050       ??$destroy@V?$basic_string@DU?$char_traits@D@std@@V?$allocator@D@2@@std@@@?$_Wrap_alloc@V?$allocator@V?$basic_string@DU?$char_traits@D@std@@V?$allocator@D@2@@std@@@std@@@std@@QAEXPAV?$basic_string@DU?$char_traits@D@std@@V?$allocator@D@2@@1@@Z 0040c050 f i ListMainForm.obj
 0001:0000b090       ??$destroy@V?$basic_string@DU?$char_traits@D@std@@V?$allocator@D@2@@std@@@?$allocator@V?$basic_string@DU?$char_traits@D@std@@V?$allocator@D@2@@std@@@std@@QAEXPAV?$basic_string@DU?$char_traits@D@std@@V?$allocator@D@2@@1@@Z 0040c090 f i ListMainForm.obj
 0001:0000b0d0       ??$destroy@V?$basic_string@DU?$char_traits@D@std@@V?$allocator@D@2@@std@@@?$allocator_traits@V?$allocator@V?$basic_string@DU?$char_traits@D@std@@V?$allocator@D@2@@std@@@std@@@std@@SAXAAV?$allocator@V?$basic_string@DU?$char_traits@D@std@@V?$allocator@D@2@@std@@@1@PAV?$basic_string@DU?$char_traits@D@std@@V?$allocator@D@2@@1@@Z 0040c0d0 f i ListMainForm.obj
 0001:0000b0f0       ??$forward@$$CBV?$basic_string@DU?$char_traits@D@std@@V?$allocator@D@2@@std@@@std@@YA$$QBV?$basic_string@DU?$char_traits@D@std@@V?$allocator@D@2@@0@ABV10@@Z 0040c0f0 f i ListMainForm.obj
 0001:0000b100       ??$forward@AAPAD@std@@YAAAPADAAPAD@Z 0040c100 f i ListMainForm.obj
 0001:0000b110       ??$forward@AAPAU?$_Tree_node@U?$pair@$$CBV?$basic_string@DU?$char_traits@D@std@@V?$allocator@D@2@@std@@V12@@std@@PAX@std@@@std@@YAAAPAU?$_Tree_node@U?$pair@$$CBV?$basic_string@DU?$char_traits@D@std@@V?$allocator@D@2@@std@@V12@@std@@PAX@0@AAPAU10@@Z 0040c110 f i ListMainForm.obj
 0001:0000b120       ??$forward@AAU?$pair@$$CBV?$basic_string@DU?$char_traits@D@std@@V?$allocator@D@2@@std@@V12@@std@@@std@@YAAAU?$pair@$$CBV?$basic_string@DU?$char_traits@D@std@@V?$allocator@D@2@@std@@V12@@0@AAU10@@Z 0040c120 f i ListMainForm.obj
 0001:0000b130       ??$forward@AAV?$_Tree_iterator@V?$_Tree_val@U?$_Tree_simple_types@U?$pair@$$CBV?$basic_string@DU?$char_traits@D@std@@V?$allocator@D@2@@std@@V12@@std@@@std@@@std@@@std@@@std@@YAAAV?$_Tree_iterator@V?$_Tree_val@U?$_Tree_simple_types@U?$pair@$$CBV?$basic_string@DU?$char_traits@D@std@@V?$allocator@D@2@@std@@V12@@std@@@std@@@std@@@0@AAV10@@Z 0040c130 f i ListMainForm.obj
 0001:0000b140       ??$forward@AAV?$basic_string@DU?$char_traits@D@std@@V?$allocator@D@2@@std@@@std@@YAAAV?$basic_string@DU?$char_traits@D@std@@V?$allocator@D@2@@0@AAV10@@Z 0040c140 f i ListMainForm.obj
 0001:0000b150       ??$forward@U?$pair@$$CBV?$basic_string@DU?$char_traits@D@std@@V?$allocator@D@2@@std@@V12@@std@@@std@@YA$$QAU?$pair@$$CBV?$basic_string@DU?$char_traits@D@std@@V?$allocator@D@2@@std@@V12@@0@AAU10@@Z 0040c150 f i ListMainForm.obj
 0001:0000b160       ??$forward@U?$pair@V?$basic_string@DU?$char_traits@D@std@@V?$allocator@D@2@@std@@V12@@std@@@std@@YA$$QAU?$pair@V?$basic_string@DU?$char_traits@D@std@@V?$allocator@D@2@@std@@V12@@0@AAU10@@Z 0040c160 f i ListMainForm.obj
 0001:0000b170       ??$forward@U_Container_proxy@std@@@std@@YA$$QAU_Container_proxy@0@AAU10@@Z 0040c170 f i ListMainForm.obj
 0001:0000b180       ??$forward@V?$_Tree@V?$_Tmap_traits@V?$basic_string@DU?$char_traits@D@std@@V?$allocator@D@2@@std@@V12@U?$less@V?$basic_string@DU?$char_traits@D@std@@V?$allocator@D@2@@std@@@2@V?$allocator@U?$pair@$$CBV?$basic_string@DU?$char_traits@D@std@@V?$allocator@D@2@@std@@V12@@std@@@2@$0A@@std@@@std@@@std@@YA$$QAV?$_Tree@V?$_Tmap_traits@V?$basic_string@DU?$char_traits@D@std@@V?$allocator@D@2@@std@@V12@U?$less@V?$basic_string@DU?$char_traits@D@std@@V?$allocator@D@2@@std@@@2@V?$allocator@U?$pair@$$CBV?$basic_string@DU?$char_traits@D@std@@V?$allocator@D@2@@std@@V12@@std@@@2@$0A@@std@@@0@AAV10@@Z 0040c180 f i ListMainForm.obj
 0001:0000b190       ??$forward@V?$_Tree_iterator@V?$_Tree_val@U?$_Tree_simple_types@U?$pair@$$CBV?$basic_string@DU?$char_traits@D@std@@V?$allocator@D@2@@std@@V12@@std@@@std@@@std@@@std@@@std@@YA$$QAV?$_Tree_iterator@V?$_Tree_val@U?$_Tree_simple_types@U?$pair@$$CBV?$basic_string@DU?$char_traits@D@std@@V?$allocator@D@2@@std@@V12@@std@@@std@@@std@@@0@AAV10@@Z 0040c190 f i ListMainForm.obj
 0001:0000b1a0       ??$forward@V?$basic_string@DU?$char_traits@D@std@@V?$allocator@D@2@@std@@@std@@YA$$QAV?$basic_string@DU?$char_traits@D@std@@V?$allocator@D@2@@0@AAV10@@Z 0040c1a0 f i ListMainForm.obj
 0001:0000b1b0       ??$forward@_N@std@@YA$$QA_NAA_N@Z 0040c1b0 f i ListMainForm.obj
 0001:0000b1c0       ??$insert@U?$pair@V?$basic_string@DU?$char_traits@D@std@@V?$allocator@D@2@@std@@V12@@std@@@?$_Tree@V?$_Tmap_traits@V?$basic_string@DU?$char_traits@D@std@@V?$allocator@D@2@@std@@V12@U?$less@V?$basic_string@DU?$char_traits@D@std@@V?$allocator@D@2@@std@@@2@V?$allocator@U?$pair@$$CBV?$basic_string@DU?$char_traits@D@std@@V?$allocator@D@2@@std@@V12@@std@@@2@$0A@@std@@@std@@QAE?AU?$pair@V?$_Tree_iterator@V?$_Tree_val@U?$_Tree_simple_types@U?$pair@$$CBV?$basic_string@DU?$char_traits@D@std@@V?$allocator@D@2@@std@@V12@@std@@@std@@@std@@@std@@_N@1@$$QAU?$pair@V?$basic_string@DU?$char_traits@D@std@@V?$allocator@D@2@@std@@V12@@1@@Z 0040c1c0 f i ListMainForm.obj
 0001:0000b2d0       ??$make_pair@AAV?$basic_string@DU?$char_traits@D@std@@V?$allocator@D@2@@std@@AAV12@@std@@YA?AU?$pair@V?$basic_string@DU?$char_traits@D@std@@V?$allocator@D@2@@std@@V12@@0@AAV?$basic_string@DU?$char_traits@D@std@@V?$allocator@D@2@@0@0@Z 0040c2d0 f i ListMainForm.obj
 0001:0000b3c0       ??$move@AAV?$basic_string@DU?$char_traits@D@std@@V?$allocator@D@2@@std@@@std@@YA$$QAV?$basic_string@DU?$char_traits@D@std@@V?$allocator@D@2@@0@AAV10@@Z 0040c3c0 f i ListMainForm.obj
 0001:0000b3d0       ??$move@AAV?$map@V?$basic_string@DU?$char_traits@D@std@@V?$allocator@D@2@@std@@V12@U?$less@V?$basic_string@DU?$char_traits@D@std@@V?$allocator@D@2@@std@@@2@V?$allocator@U?$pair@$$CBV?$basic_string@DU?$char_traits@D@std@@V?$allocator@D@2@@std@@V12@@std@@@2@@std@@@std@@YA$$QAV?$map@V?$basic_string@DU?$char_traits@D@std@@V?$allocator@D@2@@std@@V12@U?$less@V?$basic_string@DU?$char_traits@D@std@@V?$allocator@D@2@@std@@@2@V?$allocator@U?$pair@$$CBV?$basic_string@DU?$char_traits@D@std@@V?$allocator@D@2@@std@@V12@@std@@@2@@0@AAV10@@Z 0040c3d0 f i ListMainForm.obj
 0001:0000b3e0       ??$swap@D@std@@YAXAAD0@Z   0040c3e0 f i ListMainForm.obj
 0001:0000b490       ??$swap@I@std@@YAXAAI0@Z   0040c490 f i ListMainForm.obj
 0001:0000b540       ??$swap@PAU?$_Tree_node@U?$pair@$$CBV?$basic_string@DU?$char_traits@D@std@@V?$allocator@D@2@@std@@V12@@std@@PAX@std@@@std@@YAXAAPAU?$_Tree_node@U?$pair@$$CBV?$basic_string@DU?$char_traits@D@std@@V?$allocator@D@2@@std@@V12@@std@@PAX@0@0@Z 0040c540 f i ListMainForm.obj
 0001:0000b5f0       ??$use_facet@V?$codecvt@DDH@std@@@std@@YAABV?$codecvt@DDH@0@ABVlocale@0@@Z 0040c5f0 f i ListMainForm.obj
 0001:0000b7f0       ??0?$_Iterator012@Ubidirectional_iterator_tag@std@@U?$pair@$$CBV?$basic_string@DU?$char_traits@D@std@@V?$allocator@D@2@@std@@V12@@2@HPBU32@ABU32@U_Iterator_base12@2@@std@@QAE@ABU01@@Z 0040c7f0 f i ListMainForm.obj
 0001:0000b830       ??0?$_Iterator012@Ubidirectional_iterator_tag@std@@U?$pair@$$CBV?$basic_string@DU?$char_traits@D@std@@V?$allocator@D@2@@std@@V12@@2@HPBU32@ABU32@U_Iterator_base12@2@@std@@QAE@XZ 0040c830 f i ListMainForm.obj
 0001:0000b860       ??0?$_Iterator012@Urandom_access_iterator_tag@std@@DHPBDABDU_Iterator_base12@2@@std@@QAE@ABU01@@Z 0040c860 f i ListMainForm.obj
 0001:0000b8a0       ??0?$_Iterator012@Urandom_access_iterator_tag@std@@DHPBDABDU_Iterator_base12@2@@std@@QAE@XZ 0040c8a0 f i ListMainForm.obj
 0001:0000b8d0       ??0?$_Iterator012@Urandom_access_iterator_tag@std@@V?$basic_string@DU?$char_traits@D@std@@V?$allocator@D@2@@2@HPBV32@ABV32@U_Iterator_base12@2@@std@@QAE@ABU01@@Z 0040c8d0 f i ListMainForm.obj
 0001:0000b910       ??0?$_Iterator012@Urandom_access_iterator_tag@std@@V?$basic_string@DU?$char_traits@D@std@@V?$allocator@D@2@@2@HPBV32@ABV32@U_Iterator_base12@2@@std@@QAE@XZ 0040c910 f i ListMainForm.obj
 0001:0000b940       ??0?$_String_alloc@$0A@U?$_String_base_types@DV?$allocator@D@std@@@std@@@std@@QAE@ABV?$allocator@D@1@@Z 0040c940 f i ListMainForm.obj
 0001:0000b9d0       ??0?$_String_const_iterator@V?$_String_val@U?$_Simple_types@D@std@@@std@@@std@@QAE@ABV01@@Z 0040c9d0 f i ListMainForm.obj
 0001:0000ba20       ??0?$_String_const_iterator@V?$_String_val@U?$_Simple_types@D@std@@@std@@@std@@QAE@PBDPBU_Container_base12@1@@Z 0040ca20 f i ListMainForm.obj
 0001:0000bac0       ??0?$_String_iterator@V?$_String_val@U?$_Simple_types@D@std@@@std@@@std@@QAE@ABV01@@Z 0040cac0 f i ListMainForm.obj
 0001:0000bb00       ??0?$_String_iterator@V?$_String_val@U?$_Simple_types@D@std@@@std@@@std@@QAE@PADPBU_Container_base12@1@@Z 0040cb00 f i ListMainForm.obj
 0001:0000bb40       ??0?$_String_val@U?$_Simple_types@D@std@@@std@@QAE@XZ 0040cb40 f i ListMainForm.obj
 0001:0000bba0       ??0?$_Tree@V?$_Tmap_traits@V?$basic_string@DU?$char_traits@D@std@@V?$allocator@D@2@@std@@V12@U?$less@V?$basic_string@DU?$char_traits@D@std@@V?$allocator@D@2@@std@@@2@V?$allocator@U?$pair@$$CBV?$basic_string@DU?$char_traits@D@std@@V?$allocator@D@2@@std@@V12@@std@@@2@$0A@@std@@@std@@QAE@$$QAV01@ABV?$allocator@U?$pair@$$CBV?$basic_string@DU?$char_traits@D@std@@V?$allocator@D@2@@std@@V12@@std@@@1@@Z 0040cba0 f i ListMainForm.obj
 0001:0000bcb0       ??0?$_Tree@V?$_Tmap_traits@V?$basic_string@DU?$char_traits@D@std@@V?$allocator@D@2@@std@@V12@U?$less@V?$basic_string@DU?$char_traits@D@std@@V?$allocator@D@2@@std@@@2@V?$allocator@U?$pair@$$CBV?$basic_string@DU?$char_traits@D@std@@V?$allocator@D@2@@std@@V12@@std@@@2@$0A@@std@@@std@@QAE@ABU?$less@V?$basic_string@DU?$char_traits@D@std@@V?$allocator@D@2@@std@@@1@ABV?$allocator@U?$pair@$$CBV?$basic_string@DU?$char_traits@D@std@@V?$allocator@D@2@@std@@V12@@std@@@1@@Z 0040ccb0 f i ListMainForm.obj
 0001:0000bcf0       ??0?$_Tree_alloc@$0A@U?$_Tree_base_types@U?$pair@$$CBV?$basic_string@DU?$char_traits@D@std@@V?$allocator@D@2@@std@@V12@@std@@V?$allocator@U?$pair@$$CBV?$basic_string@DU?$char_traits@D@std@@V?$allocator@D@2@@std@@V12@@std@@@2@@std@@@std@@QAE@ABV?$allocator@U?$pair@$$CBV?$basic_string@DU?$char_traits@D@std@@V?$allocator@D@2@@std@@V12@@std@@@1@@Z 0040ccf0 f i ListMainForm.obj
 0001:0000bde0       ??0?$_Tree_buy@U?$pair@$$CBV?$basic_string@DU?$char_traits@D@std@@V?$allocator@D@2@@std@@V12@@std@@V?$allocator@U?$pair@$$CBV?$basic_string@DU?$char_traits@D@std@@V?$allocator@D@2@@std@@V12@@std@@@2@@std@@QAE@ABV?$allocator@U?$pair@$$CBV?$basic_string@DU?$char_traits@D@std@@V?$allocator@D@2@@std@@V12@@std@@@1@@Z 0040cde0 f i ListMainForm.obj
 0001:0000be20       ??0?$_Tree_comp@$0A@V?$_Tmap_traits@V?$basic_string@DU?$char_traits@D@std@@V?$allocator@D@2@@std@@V12@U?$less@V?$basic_string@DU?$char_traits@D@std@@V?$allocator@D@2@@std@@@2@V?$allocator@U?$pair@$$CBV?$basic_string@DU?$char_traits@D@std@@V?$allocator@D@2@@std@@V12@@std@@@2@$0A@@std@@@std@@QAE@ABU?$less@V?$basic_string@DU?$char_traits@D@std@@V?$allocator@D@2@@std@@@1@ABV?$allocator@U?$pair@$$CBV?$basic_string@DU?$char_traits@D@std@@V?$allocator@D@2@@std@@V12@@std@@@1@@Z 0040ce20 f i ListMainForm.obj
 0001:0000be60       ??0?$_Tree_const_iterator@V?$_Tree_val@U?$_Tree_simple_types@U?$pair@$$CBV?$basic_string@DU?$char_traits@D@std@@V?$allocator@D@2@@std@@V12@@std@@@std@@@std@@@std@@QAE@ABV01@@Z 0040ce60 f i ListMainForm.obj
 0001:0000bea0       ??0?$_Tree_const_iterator@V?$_Tree_val@U?$_Tree_simple_types@U?$pair@$$CBV?$basic_string@DU?$char_traits@D@std@@V?$allocator@D@2@@std@@V12@@std@@@std@@@std@@@std@@QAE@PAU?$_Tree_node@U?$pair@$$CBV?$basic_string@DU?$char_traits@D@std@@V?$allocator@D@2@@std@@V12@@std@@PAX@1@PBV?$_Tree_val@U?$_Tree_simple_types@U?$pair@$$CBV?$basic_string@DU?$char_traits@D@std@@V?$allocator@D@2@@std@@V12@@std@@@std@@@1@@Z 0040cea0 f i ListMainForm.obj
 0001:0000bee0       ??0?$_Tree_iterator@V?$_Tree_val@U?$_Tree_simple_types@U?$pair@$$CBV?$basic_string@DU?$char_traits@D@std@@V?$allocator@D@2@@std@@V12@@std@@@std@@@std@@@std@@QAE@ABV01@@Z 0040cee0 f i ListMainForm.obj
 0001:0000bf20       ??0?$_Tree_iterator@V?$_Tree_val@U?$_Tree_simple_types@U?$pair@$$CBV?$basic_string@DU?$char_traits@D@std@@V?$allocator@D@2@@std@@V12@@std@@@std@@@std@@@std@@QAE@PAU?$_Tree_node@U?$pair@$$CBV?$basic_string@DU?$char_traits@D@std@@V?$allocator@D@2@@std@@V12@@std@@PAX@1@PBV?$_Tree_val@U?$_Tree_simple_types@U?$pair@$$CBV?$basic_string@DU?$char_traits@D@std@@V?$allocator@D@2@@std@@V12@@std@@@std@@@1@@Z 0040cf20 f i ListMainForm.obj
 0001:0000bf60       ??0?$_Tree_unchecked_const_iterator@V?$_Tree_val@U?$_Tree_simple_types@U?$pair@$$CBV?$basic_string@DU?$char_traits@D@std@@V?$allocator@D@2@@std@@V12@@std@@@std@@@std@@U_Iterator_base12@2@@std@@QAE@ABV01@@Z 0040cf60 f i ListMainForm.obj
 0001:0000bfb0       ??0?$_Tree_unchecked_const_iterator@V?$_Tree_val@U?$_Tree_simple_types@U?$pair@$$CBV?$basic_string@DU?$char_traits@D@std@@V?$allocator@D@2@@std@@V12@@std@@@std@@@std@@U_Iterator_base12@2@@std@@QAE@PAU?$_Tree_node@U?$pair@$$CBV?$basic_string@DU?$char_traits@D@std@@V?$allocator@D@2@@std@@V12@@std@@PAX@1@PBV?$_Tree_val@U?$_Tree_simple_types@U?$pair@$$CBV?$basic_string@DU?$char_traits@D@std@@V?$allocator@D@2@@std@@V12@@std@@@std@@@1@@Z 0040cfb0 f i ListMainForm.obj
 0001:0000c050       ??0?$_Tree_val@U?$_Tree_simple_types@U?$pair@$$CBV?$basic_string@DU?$char_traits@D@std@@V?$allocator@D@2@@std@@V12@@std@@@std@@@std@@QAE@XZ 0040d050 f i ListMainForm.obj
 0001:0000c0b0       ??0?$_Vector_alloc@$0A@U?$_Vec_base_types@V?$basic_string@DU?$char_traits@D@std@@V?$allocator@D@2@@std@@V?$allocator@V?$basic_string@DU?$char_traits@D@std@@V?$allocator@D@2@@std@@@2@@std@@@std@@QAE@ABV?$allocator@V?$basic_string@DU?$char_traits@D@std@@V?$allocator@D@2@@std@@@1@@Z 0040d0b0 f i ListMainForm.obj
 0001:0000c140       ??0?$_Vector_const_iterator@V?$_Vector_val@U?$_Simple_types@V?$basic_string@DU?$char_traits@D@std@@V?$allocator@D@2@@std@@@std@@@std@@@std@@QAE@ABV01@@Z 0040d140 f i ListMainForm.obj
 0001:0000c190       ??0?$_Vector_const_iterator@V?$_Vector_val@U?$_Simple_types@V?$basic_string@DU?$char_traits@D@std@@V?$allocator@D@2@@std@@@std@@@std@@@std@@QAE@PAV?$basic_string@DU?$char_traits@D@std@@V?$allocator@D@2@@1@PBU_Container_base12@1@@Z 0040d190 f i ListMainForm.obj
 0001:0000c230       ??0?$_Vector_iterator@V?$_Vector_val@U?$_Simple_types@V?$basic_string@DU?$char_traits@D@std@@V?$allocator@D@2@@std@@@std@@@std@@@std@@QAE@ABV01@@Z 0040d230 f i ListMainForm.obj
 0001:0000c270       ??0?$_Vector_iterator@V?$_Vector_val@U?$_Simple_types@V?$basic_string@DU?$char_traits@D@std@@V?$allocator@D@2@@std@@@std@@@std@@@std@@QAE@PAV?$basic_string@DU?$char_traits@D@std@@V?$allocator@D@2@@1@PBU_Container_base12@1@@Z 0040d270 f i ListMainForm.obj
 0001:0000c2b0       ??0?$_Vector_val@U?$_Simple_types@V?$basic_string@DU?$char_traits@D@std@@V?$allocator@D@2@@std@@@std@@@std@@QAE@XZ 0040d2b0 f i ListMainForm.obj
 0001:0000c320       ??0?$_Wrap_alloc@V?$allocator@D@std@@@std@@QAE@ABV?$allocator@D@1@@Z 0040d320 f i ListMainForm.obj
 0001:0000c360       ??0?$_Wrap_alloc@V?$allocator@D@std@@@std@@QAE@XZ 0040d360 f i ListMainForm.obj
 0001:0000c390       ??0?$_Wrap_alloc@V?$allocator@U?$_Tree_node@U?$pair@$$CBV?$basic_string@DU?$char_traits@D@std@@V?$allocator@D@2@@std@@V12@@std@@PAX@std@@@std@@@std@@QAE@XZ 0040d390 f i ListMainForm.obj
 0001:0000c3c0       ??0?$_Wrap_alloc@V?$allocator@V?$basic_string@DU?$char_traits@D@std@@V?$allocator@D@2@@std@@@std@@@std@@QAE@XZ 0040d3c0 f i ListMainForm.obj
 0001:0000c3f0       ??0?$allocator@D@std@@QAE@ABV01@@Z 0040d3f0 f i ListMainForm.obj
 0001:0000c410       ??0?$allocator@D@std@@QAE@XZ 0040d410 f i ListMainForm.obj
 0001:0000c430       ??0?$allocator@U?$_Tree_node@U?$pair@$$CBV?$basic_string@DU?$char_traits@D@std@@V?$allocator@D@2@@std@@V12@@std@@PAX@std@@@std@@QAE@ABV01@@Z 0040d430 f i ListMainForm.obj
 0001:0000c450       ??0?$allocator@U?$_Tree_node@U?$pair@$$CBV?$basic_string@DU?$char_traits@D@std@@V?$allocator@D@2@@std@@V12@@std@@PAX@std@@@std@@QAE@XZ 0040d450 f i ListMainForm.obj
 0001:0000c470       ??0?$allocator@U?$pair@$$CBV?$basic_string@DU?$char_traits@D@std@@V?$allocator@D@2@@std@@V12@@std@@@std@@QAE@XZ 0040d470 f i ListMainForm.obj
 0001:0000c490       ??0?$allocator@U_Container_proxy@std@@@std@@QAE@XZ 0040d490 f i ListMainForm.obj
 0001:0000c4b0       ??0?$allocator@V?$basic_string@DU?$char_traits@D@std@@V?$allocator@D@2@@std@@@std@@QAE@XZ 0040d4b0 f i ListMainForm.obj
 0001:0000c4d0       ??0?$basic_filebuf@DU?$char_traits@D@std@@@std@@QAE@PAU_iobuf@@@Z 0040d4d0 f i ListMainForm.obj
 0001:0000c580       ??0?$basic_ofstream@DU?$char_traits@D@std@@@std@@QAE@PBDHH@Z 0040d580 f i ListMainForm.obj
 0001:0000c710       ??0?$basic_string@DU?$char_traits@D@std@@V?$allocator@D@2@@std@@QAE@$$QAV01@@Z 0040d710 f i ListMainForm.obj
 0001:0000c790       ??0?$basic_string@DU?$char_traits@D@std@@V?$allocator@D@2@@std@@QAE@ABV01@@Z 0040d790 f i ListMainForm.obj
 0001:0000c860       ??0?$basic_string@DU?$char_traits@D@std@@V?$allocator@D@2@@std@@QAE@ABV01@IIABV?$allocator@D@1@@Z 0040d860 f i ListMainForm.obj
 0001:0000c910       ??0?$basic_string@DU?$char_traits@D@std@@V?$allocator@D@2@@std@@QAE@ID@Z 0040d910 f i ListMainForm.obj
 0001:0000c9d0       ??0?$basic_string@DU?$char_traits@D@std@@V?$allocator@D@2@@std@@QAE@PBD@Z 0040d9d0 f i ListMainForm.obj
 0001:0000ca80       ??0?$basic_string@DU?$char_traits@D@std@@V?$allocator@D@2@@std@@QAE@PBDI@Z 0040da80 f i ListMainForm.obj
 0001:0000cb40       ??0?$basic_string@DU?$char_traits@D@std@@V?$allocator@D@2@@std@@QAE@XZ 0040db40 f i ListMainForm.obj
 0001:0000cbe0       ??0?$basic_stringbuf@DU?$char_traits@D@std@@V?$allocator@D@2@@std@@QAE@H@Z 0040dbe0 f i ListMainForm.obj
 0001:0000cca0       ??0?$basic_stringstream@DU?$char_traits@D@std@@V?$allocator@D@2@@std@@QAE@H@Z 0040dca0 f i ListMainForm.obj
 0001:0000cde0       ??0?$fpos@H@std@@QAE@H_J@Z 0040dde0 f i ListMainForm.obj
 0001:0000ce30       ??0?$fpos@H@std@@QAE@_J@Z  0040de30 f i ListMainForm.obj
 0001:0000ce80       ??0?$map@V?$basic_string@DU?$char_traits@D@std@@V?$allocator@D@2@@std@@V12@U?$less@V?$basic_string@DU?$char_traits@D@std@@V?$allocator@D@2@@std@@@2@V?$allocator@U?$pair@$$CBV?$basic_string@DU?$char_traits@D@std@@V?$allocator@D@2@@std@@V12@@std@@@2@@std@@QAE@$$QAV01@@Z 0040de80 f i ListMainForm.obj
 0001:0000cef0       ??0?$map@V?$basic_string@DU?$char_traits@D@std@@V?$allocator@D@2@@std@@V12@U?$less@V?$basic_string@DU?$char_traits@D@std@@V?$allocator@D@2@@std@@@2@V?$allocator@U?$pair@$$CBV?$basic_string@DU?$char_traits@D@std@@V?$allocator@D@2@@std@@V12@@std@@@2@@std@@QAE@XZ 0040def0 f i ListMainForm.obj
 0001:0000cf40       ??0?$vector@V?$basic_string@DU?$char_traits@D@std@@V?$allocator@D@2@@std@@V?$allocator@V?$basic_string@DU?$char_traits@D@std@@V?$allocator@D@2@@std@@@2@@std@@QAE@XZ 0040df40 f i ListMainForm.obj
 0001:0000cf90       ??0CMenuWnd@@QAE@XZ        0040df90 f i ListMainForm.obj
 0001:0000d040       ??0CShadowWnd@@QAE@XZ      0040e040 f i ListMainForm.obj
 0001:0000d130       ??0Data_t@_bstr_t@@QAE@ABV1@0@Z 0040e130 f i ListMainForm.obj
 0001:0000d330       ??0Data_t@_bstr_t@@QAE@PBD@Z 0040e330 f i ListMainForm.obj
 0001:0000d390       ??0Prama@@QAE@XZ           0040e390 f i ListMainForm.obj
 0001:0000d3e0       ??0_Container_proxy@std@@QAE@XZ 0040e3e0 f i ListMainForm.obj
 0001:0000d420       ??0_Generic_error_category@std@@QAE@XZ 0040e420 f i ListMainForm.obj
 0001:0000d460       ??0_Iostream_error_category@std@@QAE@XZ 0040e460 f i ListMainForm.obj
 0001:0000d4a0       ??0_Iterator_base12@std@@QAE@ABU01@@Z 0040e4a0 f i ListMainForm.obj
 0001:0000d4f0       ??0_Iterator_base12@std@@QAE@XZ 0040e4f0 f i ListMainForm.obj
 0001:0000d530       ??0_Sentry_base@?$basic_ostream@DU?$char_traits@D@std@@@std@@QAE@AAV12@@Z 0040e530 f i ListMainForm.obj
 0001:0000d5f0       ??0_System_error_category@std@@QAE@XZ 0040e5f0 f i ListMainForm.obj
 0001:0000d630       ??0_bstr_t@@QAE@ABV0@@Z    0040e630 f i ListMainForm.obj
 0001:0000d670       ??0_bstr_t@@QAE@PBD@Z      0040e670 f i ListMainForm.obj
 0001:0000d750       ??0error_category@std@@QAE@XZ 0040e750 f i ListMainForm.obj
 0001:0000d780       ??0error_condition@std@@QAE@HABVerror_category@1@@Z 0040e780 f i ListMainForm.obj
 0001:0000d7c0       ??0sentry@?$basic_ostream@DU?$char_traits@D@std@@@std@@QAE@AAV12@@Z 0040e7c0 f i ListMainForm.obj
 0001:0000d900       ??1?$_Iterator012@Ubidirectional_iterator_tag@std@@U?$pair@$$CBV?$basic_string@DU?$char_traits@D@std@@V?$allocator@D@2@@std@@V12@@2@HPBU32@ABU32@U_Iterator_base12@2@@std@@QAE@XZ 0040e900 f i ListMainForm.obj
 0001:0000d930       ??1?$_Iterator012@Urandom_access_iterator_tag@std@@DHPBDABDU_Iterator_base12@2@@std@@QAE@XZ 0040e930 f i ListMainForm.obj
 0001:0000d960       ??1?$_Iterator012@Urandom_access_iterator_tag@std@@V?$basic_string@DU?$char_traits@D@std@@V?$allocator@D@2@@2@HPBV32@ABV32@U_Iterator_base12@2@@std@@QAE@XZ 0040e960 f i ListMainForm.obj
 0001:0000d990       ??1?$_String_alloc@$0A@U?$_String_base_types@DV?$allocator@D@std@@@std@@@std@@QAE@XZ 0040e990 f i ListMainForm.obj
 0001:0000d9d0       ??1?$_String_const_iterator@V?$_String_val@U?$_Simple_types@D@std@@@std@@@std@@QAE@XZ 0040e9d0 f i ListMainForm.obj
 0001:0000da00       ??1?$_String_iterator@V?$_String_val@U?$_Simple_types@D@std@@@std@@@std@@QAE@XZ 0040ea00 f i ListMainForm.obj
 0001:0000da30       ??1?$_String_val@U?$_Simple_types@D@std@@@std@@QAE@XZ 0040ea30 f i ListMainForm.obj
 0001:0000da70       ??1?$_Tree@V?$_Tmap_traits@V?$basic_string@DU?$char_traits@D@std@@V?$allocator@D@2@@std@@V12@U?$less@V?$basic_string@DU?$char_traits@D@std@@V?$allocator@D@2@@std@@@2@V?$allocator@U?$pair@$$CBV?$basic_string@DU?$char_traits@D@std@@V?$allocator@D@2@@std@@V12@@std@@@2@$0A@@std@@@std@@QAE@XZ 0040ea70 f i ListMainForm.obj
 0001:0000dab0       ??1?$_Tree_alloc@$0A@U?$_Tree_base_types@U?$pair@$$CBV?$basic_string@DU?$char_traits@D@std@@V?$allocator@D@2@@std@@V12@@std@@V?$allocator@U?$pair@$$CBV?$basic_string@DU?$char_traits@D@std@@V?$allocator@D@2@@std@@V12@@std@@@2@@std@@@std@@QAE@XZ 0040eab0 f i ListMainForm.obj
 0001:0000db00       ??1?$_Tree_buy@U?$pair@$$CBV?$basic_string@DU?$char_traits@D@std@@V?$allocator@D@2@@std@@V12@@std@@V?$allocator@U?$pair@$$CBV?$basic_string@DU?$char_traits@D@std@@V?$allocator@D@2@@std@@V12@@std@@@2@@std@@QAE@XZ 0040eb00 f i ListMainForm.obj
 0001:0000db30       ??1?$_Tree_comp@$0A@V?$_Tmap_traits@V?$basic_string@DU?$char_traits@D@std@@V?$allocator@D@2@@std@@V12@U?$less@V?$basic_string@DU?$char_traits@D@std@@V?$allocator@D@2@@std@@@2@V?$allocator@U?$pair@$$CBV?$basic_string@DU?$char_traits@D@std@@V?$allocator@D@2@@std@@V12@@std@@@2@$0A@@std@@@std@@QAE@XZ 0040eb30 f i ListMainForm.obj
 0001:0000db60       ??1?$_Tree_const_iterator@V?$_Tree_val@U?$_Tree_simple_types@U?$pair@$$CBV?$basic_string@DU?$char_traits@D@std@@V?$allocator@D@2@@std@@V12@@std@@@std@@@std@@@std@@QAE@XZ 0040eb60 f i ListMainForm.obj
 0001:0000db90       ??1?$_Tree_iterator@V?$_Tree_val@U?$_Tree_simple_types@U?$pair@$$CBV?$basic_string@DU?$char_traits@D@std@@V?$allocator@D@2@@std@@V12@@std@@@std@@@std@@@std@@QAE@XZ 0040eb90 f i ListMainForm.obj
 0001:0000dbc0       ??1?$_Tree_unchecked_const_iterator@V?$_Tree_val@U?$_Tree_simple_types@U?$pair@$$CBV?$basic_string@DU?$char_traits@D@std@@V?$allocator@D@2@@std@@V12@@std@@@std@@@std@@U_Iterator_base12@2@@std@@QAE@XZ 0040ebc0 f i ListMainForm.obj
 0001:0000dbf0       ??1?$_Tree_val@U?$_Tree_simple_types@U?$pair@$$CBV?$basic_string@DU?$char_traits@D@std@@V?$allocator@D@2@@std@@V12@@std@@@std@@@std@@QAE@XZ 0040ebf0 f i ListMainForm.obj
 0001:0000dc30       ??1?$_Vector_alloc@$0A@U?$_Vec_base_types@V?$basic_string@DU?$char_traits@D@std@@V?$allocator@D@2@@std@@V?$allocator@V?$basic_string@DU?$char_traits@D@std@@V?$allocator@D@2@@std@@@2@@std@@@std@@QAE@XZ 0040ec30 f i ListMainForm.obj
 0001:0000dc70       ??1?$_Vector_const_iterator@V?$_Vector_val@U?$_Simple_types@V?$basic_string@DU?$char_traits@D@std@@V?$allocator@D@2@@std@@@std@@@std@@@std@@QAE@XZ 0040ec70 f i ListMainForm.obj
 0001:0000dca0       ??1?$_Vector_iterator@V?$_Vector_val@U?$_Simple_types@V?$basic_string@DU?$char_traits@D@std@@V?$allocator@D@2@@std@@@std@@@std@@@std@@QAE@XZ 0040eca0 f i ListMainForm.obj
 0001:0000dcd0       ??1?$_Vector_val@U?$_Simple_types@V?$basic_string@DU?$char_traits@D@std@@V?$allocator@D@2@@std@@@std@@@std@@QAE@XZ 0040ecd0 f i ListMainForm.obj
 0001:0000dd10       ??1?$basic_filebuf@DU?$char_traits@D@std@@@std@@UAE@XZ 0040ed10 f i ListMainForm.obj
 0001:0000dd90       ??1?$basic_ofstream@DU?$char_traits@D@std@@@std@@UAE@XZ 0040ed90 f i ListMainForm.obj
 0001:0000de20       ??1?$basic_string@DU?$char_traits@D@std@@V?$allocator@D@2@@std@@QAE@XZ 0040ee20 f i ListMainForm.obj
 0001:0000de60       ??1?$basic_stringbuf@DU?$char_traits@D@std@@V?$allocator@D@2@@std@@UAE@XZ 0040ee60 f i ListMainForm.obj
 0001:0000dec0       ??1?$basic_stringstream@DU?$char_traits@D@std@@V?$allocator@D@2@@std@@UAE@XZ 0040eec0 f i ListMainForm.obj
 0001:0000df50       ??1?$map@V?$basic_string@DU?$char_traits@D@std@@V?$allocator@D@2@@std@@V12@U?$less@V?$basic_string@DU?$char_traits@D@std@@V?$allocator@D@2@@std@@@2@V?$allocator@U?$pair@$$CBV?$basic_string@DU?$char_traits@D@std@@V?$allocator@D@2@@std@@V12@@std@@@2@@std@@QAE@XZ 0040ef50 f i ListMainForm.obj
 0001:0000df80       ??1?$pair@$$CBV?$basic_string@DU?$char_traits@D@std@@V?$allocator@D@2@@std@@V12@@std@@QAE@XZ 0040ef80 f i ListMainForm.obj
 0001:0000dfc0       ??1?$pair@V?$_Tree_iterator@V?$_Tree_val@U?$_Tree_simple_types@U?$pair@$$CBV?$basic_string@DU?$char_traits@D@std@@V?$allocator@D@2@@std@@V12@@std@@@std@@@std@@@std@@_N@std@@QAE@XZ 0040efc0 f i ListMainForm.obj
 0001:0000dff0       ??1?$pair@V?$basic_string@DU?$char_traits@D@std@@V?$allocator@D@2@@std@@V12@@std@@QAE@XZ 0040eff0 f i ListMainForm.obj
 0001:0000e030       ??1?$vector@V?$basic_string@DU?$char_traits@D@std@@V?$allocator@D@2@@std@@V?$allocator@V?$basic_string@DU?$char_traits@D@std@@V?$allocator@D@2@@std@@@2@@std@@QAE@XZ 0040f030 f i ListMainForm.obj
 0001:0000e070       ??1CMenuWnd@@QAE@XZ        0040f070 f i ListMainForm.obj
 0001:0000e0b0       ??1CShadowWnd@@QAE@XZ      0040f0b0 f i ListMainForm.obj
 0001:0000e160       ??1Data_t@_bstr_t@@AAE@XZ  0040f160 f i ListMainForm.obj
 0001:0000e190       ??1Prama@@QAE@XZ           0040f190 f i ListMainForm.obj
 0001:0000e1d0       ??1_Generic_error_category@std@@UAE@XZ 0040f1d0 f i ListMainForm.obj
 0001:0000e200       ??1_Iostream_error_category@std@@UAE@XZ 0040f200 f i ListMainForm.obj
 0001:0000e230       ??1_Iterator_base12@std@@QAE@XZ 0040f230 f i ListMainForm.obj
 0001:0000e2e0       ??1_Sentry_base@?$basic_ostream@DU?$char_traits@D@std@@@std@@QAE@XZ 0040f2e0 f i ListMainForm.obj
 0001:0000e390       ??1_System_error_category@std@@UAE@XZ 0040f390 f i ListMainForm.obj
 0001:0000e3c0       ??1_bstr_t@@QAE@XZ         0040f3c0 f i ListMainForm.obj
 0001:0000e3f0       ??1error_category@std@@UAE@XZ 0040f3f0 f i ListMainForm.obj
 0001:0000e420       ??1locale@std@@QAE@XZ      0040f420 f i ListMainForm.obj
 0001:0000e480       ??1sentry@?$basic_ostream@DU?$char_traits@D@std@@@std@@QAE@XZ 0040f480 f i ListMainForm.obj
 0001:0000e4f0       ??2@YAPAXIPAX@Z            0040f4f0 f i ListMainForm.obj
 0001:0000e500       ??2Data_t@_bstr_t@@SAPAXI@Z 0040f500 f i ListMainForm.obj
 0001:0000e520       ??3@YAXPAX0@Z              0040f520 f i ListMainForm.obj
 0001:0000e530       ??4?$basic_string@DU?$char_traits@D@std@@V?$allocator@D@2@@std@@QAEAAV01@$$QAV01@@Z 0040f530 f i ListMainForm.obj
 0001:0000e670       ??4?$basic_string@DU?$char_traits@D@std@@V?$allocator@D@2@@std@@QAEAAV01@ABV01@@Z 0040f670 f i ListMainForm.obj
 0001:0000e720       ??4?$basic_string@DU?$char_traits@D@std@@V?$allocator@D@2@@std@@QAEAAV01@PBD@Z 0040f720 f i ListMainForm.obj
 0001:0000e760       ??4_Iterator_base12@std@@QAEAAU01@ABU01@@Z 0040f760 f i ListMainForm.obj
 0001:0000e890       ??8?$_String_const_iterator@V?$_String_val@U?$_Simple_types@D@std@@@std@@@std@@QBE_NABV01@@Z 0040f890 f i ListMainForm.obj
 0001:0000e900       ??8?$_Tree_const_iterator@V?$_Tree_val@U?$_Tree_simple_types@U?$pair@$$CBV?$basic_string@DU?$char_traits@D@std@@V?$allocator@D@2@@std@@V12@@std@@@std@@@std@@@std@@QBE_NABV01@@Z 0040f900 f i ListMainForm.obj
 0001:0000ea40       ??8?$_Vector_const_iterator@V?$_Vector_val@U?$_Simple_types@V?$basic_string@DU?$char_traits@D@std@@V?$allocator@D@2@@std@@@std@@@std@@@std@@QBE_NABV01@@Z 0040fa40 f i ListMainForm.obj
 0001:0000eab0       ??8error_category@std@@QBE_NABV01@@Z 0040fab0 f i ListMainForm.obj
 0001:0000eb00       ??8error_condition@std@@QBE_NABV01@@Z 0040fb00 f i ListMainForm.obj
 0001:0000eb90       ??9?$_Tree_const_iterator@V?$_Tree_val@U?$_Tree_simple_types@U?$pair@$$CBV?$basic_string@DU?$char_traits@D@std@@V?$allocator@D@2@@std@@V12@@std@@@std@@@std@@@std@@QBE_NABV01@@Z 0040fb90 f i ListMainForm.obj
 0001:0000ebf0       ??9?$_Vector_const_iterator@V?$_Vector_val@U?$_Simple_types@V?$basic_string@DU?$char_traits@D@std@@V?$allocator@D@2@@std@@@std@@@std@@@std@@QBE_NABV01@@Z 0040fbf0 f i ListMainForm.obj
 0001:0000ec50       ??A?$basic_string@DU?$char_traits@D@std@@V?$allocator@D@2@@std@@QAEAADI@Z 0040fc50 f i ListMainForm.obj
 0001:0000ecc0       ??A?$basic_string@DU?$char_traits@D@std@@V?$allocator@D@2@@std@@QBEABDI@Z 0040fcc0 f i ListMainForm.obj
 0001:0000ed30       ??A?$vector@V?$basic_string@DU?$char_traits@D@std@@V?$allocator@D@2@@std@@V?$allocator@V?$basic_string@DU?$char_traits@D@std@@V?$allocator@D@2@@std@@@2@@std@@QAEAAV?$basic_string@DU?$char_traits@D@std@@V?$allocator@D@2@@1@I@Z 0040fd30 f i ListMainForm.obj
 0001:0000ee30       ??B?$fpos@H@std@@QBE_JXZ   0040fe30 f i ListMainForm.obj
 0001:0000ee70       ??B_bstr_t@@QBEPA_WXZ      0040fe70 f i ListMainForm.obj
 0001:0000eed0       ??B_bstr_t@@QBEPBDXZ       0040fed0 f i ListMainForm.obj
 0001:0000ef30       ??B_bstr_t@@QBEPB_WXZ      0040ff30 f i ListMainForm.obj
 0001:0000ef90       ??Bsentry@?$basic_ostream@DU?$char_traits@D@std@@@std@@QBEPQ?$_Bool_struct@V?$basic_ostream@DU?$char_traits@D@std@@@std@@@2@HXZ 0040ff90 f i ListMainForm.obj
 0001:0000efe0       ??C?$_Tree_iterator@V?$_Tree_val@U?$_Tree_simple_types@U?$pair@$$CBV?$basic_string@DU?$char_traits@D@std@@V?$allocator@D@2@@std@@V12@@std@@@std@@@std@@@std@@QBEPAU?$pair@$$CBV?$basic_string@DU?$char_traits@D@std@@V?$allocator@D@2@@std@@V12@@1@XZ 0040ffe0 f i ListMainForm.obj
 0001:0000f020       ??D?$_String_const_iterator@V?$_String_val@U?$_Simple_types@D@std@@@std@@@std@@QBEABDXZ 00410020 f i ListMainForm.obj
 0001:0000f150       ??D?$_String_iterator@V?$_String_val@U?$_Simple_types@D@std@@@std@@@std@@QBEAADXZ 00410150 f i ListMainForm.obj
 0001:0000f180       ??D?$_Tree_const_iterator@V?$_Tree_val@U?$_Tree_simple_types@U?$pair@$$CBV?$basic_string@DU?$char_traits@D@std@@V?$allocator@D@2@@std@@V12@@std@@@std@@@std@@@std@@QBEABU?$pair@$$CBV?$basic_string@DU?$char_traits@D@std@@V?$allocator@D@2@@std@@V12@@1@XZ 00410180 f i ListMainForm.obj
 0001:0000f2a0       ??D?$_Tree_iterator@V?$_Tree_val@U?$_Tree_simple_types@U?$pair@$$CBV?$basic_string@DU?$char_traits@D@std@@V?$allocator@D@2@@std@@V12@@std@@@std@@@std@@@std@@QBEAAU?$pair@$$CBV?$basic_string@DU?$char_traits@D@std@@V?$allocator@D@2@@std@@V12@@1@XZ 004102a0 f i ListMainForm.obj
 0001:0000f2d0       ??E?$_Tree_const_iterator@V?$_Tree_val@U?$_Tree_simple_types@U?$pair@$$CBV?$basic_string@DU?$char_traits@D@std@@V?$allocator@D@2@@std@@V12@@std@@@std@@@std@@@std@@QAE?AV01@H@Z 004102d0 f i ListMainForm.obj
 0001:0000f3e0       ??E?$_Tree_const_iterator@V?$_Tree_val@U?$_Tree_simple_types@U?$pair@$$CBV?$basic_string@DU?$char_traits@D@std@@V?$allocator@D@2@@std@@V12@@std@@@std@@@std@@@std@@QAEAAV01@XZ 004103e0 f i ListMainForm.obj
 0001:0000f500       ??E?$_Tree_iterator@V?$_Tree_val@U?$_Tree_simple_types@U?$pair@$$CBV?$basic_string@DU?$char_traits@D@std@@V?$allocator@D@2@@std@@V12@@std@@@std@@@std@@@std@@QAE?AV01@H@Z 00410500 f i ListMainForm.obj
 0001:0000f610       ??E?$_Tree_iterator@V?$_Tree_val@U?$_Tree_simple_types@U?$pair@$$CBV?$basic_string@DU?$char_traits@D@std@@V?$allocator@D@2@@std@@V12@@std@@@std@@@std@@@std@@QAEAAV01@XZ 00410610 f i ListMainForm.obj
 0001:0000f640       ??E?$_Tree_unchecked_const_iterator@V?$_Tree_val@U?$_Tree_simple_types@U?$pair@$$CBV?$basic_string@DU?$char_traits@D@std@@V?$allocator@D@2@@std@@V12@@std@@@std@@@std@@U_Iterator_base12@2@@std@@QAEAAV01@XZ 00410640 f i ListMainForm.obj
 0001:0000f750       ??F?$_Tree_const_iterator@V?$_Tree_val@U?$_Tree_simple_types@U?$pair@$$CBV?$basic_string@DU?$char_traits@D@std@@V?$allocator@D@2@@std@@V12@@std@@@std@@@std@@@std@@QAEAAV01@XZ 00410750 f i ListMainForm.obj
 0001:0000f920       ??F?$_Tree_iterator@V?$_Tree_val@U?$_Tree_simple_types@U?$pair@$$CBV?$basic_string@DU?$char_traits@D@std@@V?$allocator@D@2@@std@@V12@@std@@@std@@@std@@@std@@QAEAAV01@XZ 00410920 f i ListMainForm.obj
 0001:0000f950       ??F?$_Tree_unchecked_const_iterator@V?$_Tree_val@U?$_Tree_simple_types@U?$pair@$$CBV?$basic_string@DU?$char_traits@D@std@@V?$allocator@D@2@@std@@V12@@std@@@std@@@std@@U_Iterator_base12@2@@std@@QAEAAV01@XZ 00410950 f i ListMainForm.obj
 0001:0000faa0       ??G?$_String_const_iterator@V?$_String_val@U?$_Simple_types@D@std@@@std@@@std@@QBEHABV01@@Z 00410aa0 f i ListMainForm.obj
 0001:0000faf0       ??G?$_String_iterator@V?$_String_val@U?$_Simple_types@D@std@@@std@@@std@@QBEHABV?$_String_const_iterator@V?$_String_val@U?$_Simple_types@D@std@@@std@@@1@@Z 00410af0 f i ListMainForm.obj
 0001:0000fbb0       ??H?$_Vector_iterator@V?$_Vector_val@U?$_Simple_types@V?$basic_string@DU?$char_traits@D@std@@V?$allocator@D@2@@std@@@std@@@std@@@std@@QBE?AV01@H@Z 00410bb0 f i ListMainForm.obj
 0001:0000fcc0       ??H@YA?AV_bstr_t@@PBDABV0@@Z 00410cc0 f i ListMainForm.obj
 0001:0000fdc0       ??M?$_Vector_const_iterator@V?$_Vector_val@U?$_Simple_types@V?$basic_string@DU?$char_traits@D@std@@V?$allocator@D@2@@std@@@std@@@std@@@std@@QBE_NABV01@@Z 00410dc0 f i ListMainForm.obj
 0001:0000fe30       ??R?$less@V?$basic_string@DU?$char_traits@D@std@@V?$allocator@D@2@@std@@@std@@QBE_NABV?$basic_string@DU?$char_traits@D@std@@V?$allocator@D@2@@1@0@Z 00410e30 f i ListMainForm.obj
 0001:0000fe70       ??Y?$_Vector_const_iterator@V?$_Vector_val@U?$_Simple_types@V?$basic_string@DU?$char_traits@D@std@@V?$allocator@D@2@@std@@@std@@@std@@@std@@QAEAAV01@H@Z 00410e70 f i ListMainForm.obj
 0001:0000ffb0       ??Y?$_Vector_iterator@V?$_Vector_val@U?$_Simple_types@V?$basic_string@DU?$char_traits@D@std@@V?$allocator@D@2@@std@@@std@@@std@@@std@@QAEAAV01@H@Z 00410fb0 f i ListMainForm.obj
 0001:0000fff0       ??Y?$basic_string@DU?$char_traits@D@std@@V?$allocator@D@2@@std@@QAEAAV01@ABV01@@Z 00410ff0 f i ListMainForm.obj
 0001:00010030       ??Y?$basic_string@DU?$char_traits@D@std@@V?$allocator@D@2@@std@@QAEAAV01@D@Z 00411030 f i ListMainForm.obj
 0001:00010070       ??Y?$basic_string@DU?$char_traits@D@std@@V?$allocator@D@2@@std@@QAEAAV01@PBD@Z 00411070 f i ListMainForm.obj
 0001:000100b0       ??Y_bstr_t@@QAEAAV0@ABV0@@Z 004110b0 f i ListMainForm.obj
 0001:000101b0       ??_D?$basic_ofstream@DU?$char_traits@D@std@@@std@@QAEXXZ 004111b0 f i ListMainForm.obj
 0001:00010200       ??_D?$basic_stringstream@DU?$char_traits@D@std@@V?$allocator@D@2@@std@@QAEXXZ 00411200 f i ListMainForm.obj
 0001:0001024d       ??_E?$basic_ofstream@DU?$char_traits@D@std@@@std@@$4PPPPPPPM@A@AEPAXI@Z 0041124d f i ListMainForm.obj
 0001:00010257       ??_E?$basic_stringstream@DU?$char_traits@D@std@@V?$allocator@D@2@@std@@$4PPPPPPPM@A@AEPAXI@Z 00411257 f i ListMainForm.obj
 0001:00010270       ??_E?$basic_filebuf@DU?$char_traits@D@std@@@std@@UAEPAXI@Z 00411270 f i ListMainForm.obj
 0001:00010270       ??_G?$basic_filebuf@DU?$char_traits@D@std@@@std@@UAEPAXI@Z 00411270 f i ListMainForm.obj
 0001:000102c0       ??_G?$basic_ofstream@DU?$char_traits@D@std@@@std@@UAEPAXI@Z 004112c0 f i ListMainForm.obj
 0001:000102c0       ??_E?$basic_ofstream@DU?$char_traits@D@std@@@std@@UAEPAXI@Z 004112c0 f i ListMainForm.obj
 0001:00010320       ??_G?$basic_string@DU?$char_traits@D@std@@V?$allocator@D@2@@std@@QAEPAXI@Z 00411320 f i ListMainForm.obj
 0001:00010370       ??_G?$basic_stringbuf@DU?$char_traits@D@std@@V?$allocator@D@2@@std@@UAEPAXI@Z 00411370 f i ListMainForm.obj
 0001:00010370       ??_E?$basic_stringbuf@DU?$char_traits@D@std@@V?$allocator@D@2@@std@@UAEPAXI@Z 00411370 f i ListMainForm.obj
 0001:000103c0       ??_E?$basic_stringstream@DU?$char_traits@D@std@@V?$allocator@D@2@@std@@UAEPAXI@Z 004113c0 f i ListMainForm.obj
 0001:000103c0       ??_G?$basic_stringstream@DU?$char_traits@D@std@@V?$allocator@D@2@@std@@UAEPAXI@Z 004113c0 f i ListMainForm.obj
 0001:00010420       ??_G?$pair@$$CBV?$basic_string@DU?$char_traits@D@std@@V?$allocator@D@2@@std@@V12@@std@@QAEPAXI@Z 00411420 f i ListMainForm.obj
 0001:00010470       ??_GCListTextElementUI@DuiLib@@UAEPAXI@Z 00411470 f i ListMainForm.obj
 0001:00010470       ??_ECListTextElementUI@DuiLib@@UAEPAXI@Z 00411470 f i ListMainForm.obj
 0001:000104d0       ??_GCMenuWnd@@QAEPAXI@Z    004114d0 f i ListMainForm.obj
 0001:00010520       ??_GCShadowWnd@@QAEPAXI@Z  00411520 f i ListMainForm.obj
 0001:00010570       ??_GData_t@_bstr_t@@AAEPAXI@Z 00411570 f i ListMainForm.obj
 0001:000105c0       ??_GPrama@@QAEPAXI@Z       004115c0 f i ListMainForm.obj
 0001:00010610       ??_E_Generic_error_category@std@@UAEPAXI@Z 00411610 f i ListMainForm.obj
 0001:00010610       ??_G_Generic_error_category@std@@UAEPAXI@Z 00411610 f i ListMainForm.obj
 0001:00010660       ??_E_Iostream_error_category@std@@UAEPAXI@Z 00411660 f i ListMainForm.obj
 0001:00010660       ??_G_Iostream_error_category@std@@UAEPAXI@Z 00411660 f i ListMainForm.obj
 0001:000106b0       ??_G_System_error_category@std@@UAEPAXI@Z 004116b0 f i ListMainForm.obj
 0001:000106b0       ??_E_System_error_category@std@@UAEPAXI@Z 004116b0 f i ListMainForm.obj
 0001:00010700       ??_Gerror_category@std@@UAEPAXI@Z 00411700 f i ListMainForm.obj
 0001:00010700       ??_Eerror_category@std@@UAEPAXI@Z 00411700 f i ListMainForm.obj
 0001:00010750       ??_H@YGXPAXIHP6EPAX0@Z@Z   00411750 f i ListMainForm.obj
 0001:000107a0       ?AddRef@Data_t@_bstr_t@@QAEKXZ 004117a0 f i ListMainForm.obj
 0001:000107f0       ?AdjustPostion@CMenuWnd@@QAEXXZ 004117f0 f i ListMainForm.obj
 0001:00010ae0       ?Changebk@ListMainForm@@QAEXK@Z 00411ae0 f i ListMainForm.obj
 0001:00010b50       ?Create@CMenuWnd@@QAEPAUHWND__@@PAU2@PBDKKHHHHPAUHMENU__@@@Z 00411b50 f i ListMainForm.obj
 0001:00010cd0       ?CreateMyBitmap@@YAPAUHBITMAP__@@PAUHDC__@@HHPAPAK@Z 00411cd0 f i ListMainForm.obj
 0001:00010e10       ?GetClassStyle@CShadowWnd@@UBEIXZ 00411e10 f i ListMainForm.obj
 0001:00010e30       ?GetSkinFile@ListMainForm@@QAE?AVCDuiString@DuiLib@@XZ 00411e30 f i ListMainForm.obj
 0001:00010ea0       ?GetSkinFolder@ListMainForm@@QAE?AVCDuiString@DuiLib@@XZ 00411ea0 f i ListMainForm.obj
 0001:00010f10       ?GetString@Data_t@_bstr_t@@QBEPBDXZ 00411f10 f i ListMainForm.obj
 0001:00010f60       ?GetWString@Data_t@_bstr_t@@QAEAAPA_WXZ 00411f60 f i ListMainForm.obj
 0001:00010f80       ?GetWindowClassName@CMenuWnd@@UBEPBDXZ 00411f80 f i ListMainForm.obj
 0001:00010fa0       ?GetWindowClassName@CShadowWnd@@UBEPBDXZ 00411fa0 f i ListMainForm.obj
 0001:00010fc0       ?HandleMessage@CMenuWnd@@UAEJIIJ@Z 00411fc0 f i ListMainForm.obj
 0001:00011250       ?HandleMessage@CShadowWnd@@UAEJIIJ@Z 00412250 f i ListMainForm.obj
 0001:00011370       ?Init@CMenuWnd@@QAEXPAVCControlUI@DuiLib@@UtagPOINT@@@Z 00412370 f i ListMainForm.obj
 0001:000114d0       ?Length@Data_t@_bstr_t@@QBEIXZ 004124d0 f i ListMainForm.obj
 0001:00011540       ?Notify@CMenuWnd@@UAEXAAUtagTNotifyUI@DuiLib@@@Z 00412540 f i ListMainForm.obj
 0001:00011730       ?OnClose@CMenuWnd@@QAEJIIJAAH@Z 00412730 f i ListMainForm.obj
 0001:000117a0       ?OnClose@ListMainForm@@QAEJIIJAAH@Z 004127a0 f i ListMainForm.obj
 0001:000117d0       ?OnCreate@CMenuWnd@@QAEJIIJAAH@Z 004127d0 f i ListMainForm.obj
 0001:00011b00       ?OnDestroy@ListMainForm@@QAEJIIJAAH@Z 00412b00 f i ListMainForm.obj
 0001:00011b50       ?OnFinalMessage@CMenuWnd@@UAEXPAUHWND__@@@Z 00412b50 f i ListMainForm.obj
 0001:00011bc0       ?OnFinalMessage@CShadowWnd@@UAEXPAUHWND__@@@Z 00412bc0 f i ListMainForm.obj
 0001:00011c30       ?OnKeyDown@CMenuWnd@@QAEJIIJAAH@Z 00412c30 f i ListMainForm.obj
 0001:00011c80       ?OnKillFocus@CMenuWnd@@QAEJIIJAAH@Z 00412c80 f i ListMainForm.obj
 0001:00011d70       ?OnMove@CMenuWnd@@QAEJIIJAAH@Z 00412d70 f i ListMainForm.obj
 0001:00011ec0       ?OnNcActivate@ListMainForm@@QAEJIIJAAH@Z 00412ec0 f i ListMainForm.obj
 0001:00011f50       ?OnNcCalcSize@ListMainForm@@QAEJIIJAAH@Z 00412f50 f i ListMainForm.obj
 0001:00011f70       ?OnNcPaint@ListMainForm@@QAEJIIJAAH@Z 00412f70 f i ListMainForm.obj
 0001:00011f90       ?OnPrepare@ListMainForm@@QAEXAAUtagTNotifyUI@DuiLib@@@Z 00412f90 f i ListMainForm.obj
 0001:00011fb0       ?OnSize@CMenuWnd@@QAEJIIJAAH@Z 00412fb0 f i ListMainForm.obj
 0001:00012230       ?RePaint@CShadowWnd@@QAEXXZ 00413230 f i ListMainForm.obj
 0001:000125d0       ?Release@Data_t@_bstr_t@@QAEKXZ 004135d0 f i ListMainForm.obj
 0001:00012670       ?_AddRef@_bstr_t@@AAEXXZ   00413670 f i ListMainForm.obj
 0001:000126a9       ?_Add_vtordisp1@?$basic_istream@DU?$char_traits@D@std@@@std@@$4PPPPPPPM@FA@AEXXZ 004136a9 f i ListMainForm.obj
 0001:000126b8       ?_Add_vtordisp2@?$basic_ostream@DU?$char_traits@D@std@@@std@@$4PPPPPPPM@FA@AEXXZ 004136b8 f i ListMainForm.obj
 0001:000126c7       ?_Add_vtordisp2@?$basic_ostream@DU?$char_traits@D@std@@@std@@$4PPPPPPPM@FI@AEXXZ 004136c7 f i ListMainForm.obj
 0001:000126e0       ?_Adopt@_Iterator_base12@std@@QAEXPBU_Container_base12@2@@Z 004136e0 f i ListMainForm.obj
 0001:00012890       ?_Alloc_proxy@?$_String_alloc@$0A@U?$_String_base_types@DV?$allocator@D@std@@@std@@@std@@QAEXXZ 00413890 f i ListMainForm.obj
 0001:00012950       ?_Alloc_proxy@?$_Tree_alloc@$0A@U?$_Tree_base_types@U?$pair@$$CBV?$basic_string@DU?$char_traits@D@std@@V?$allocator@D@2@@std@@V12@@std@@V?$allocator@U?$pair@$$CBV?$basic_string@DU?$char_traits@D@std@@V?$allocator@D@2@@std@@V12@@std@@@2@@std@@@std@@QAEXXZ 00413950 f i ListMainForm.obj
 0001:00012a20       ?_Alloc_proxy@?$_Vector_alloc@$0A@U?$_Vec_base_types@V?$basic_string@DU?$char_traits@D@std@@V?$allocator@D@2@@std@@V?$allocator@V?$basic_string@DU?$char_traits@D@std@@V?$allocator@D@2@@std@@@2@@std@@@std@@QAEXXZ 00413a20 f i ListMainForm.obj
 0001:00012ae0       ?_Assign_rv@?$_Tree@V?$_Tmap_traits@V?$basic_string@DU?$char_traits@D@std@@V?$allocator@D@2@@std@@V12@U?$less@V?$basic_string@DU?$char_traits@D@std@@V?$allocator@D@2@@std@@@2@V?$allocator@U?$pair@$$CBV?$basic_string@DU?$char_traits@D@std@@V?$allocator@D@2@@std@@V12@@std@@@2@$0A@@std@@@std@@QAEX$$QAV12@@Z 00413ae0 f i ListMainForm.obj
 0001:00012b80       ?_Assign_rv@?$basic_string@DU?$char_traits@D@std@@V?$allocator@D@2@@std@@QAEX$$QAV12@@Z 00413b80 f i ListMainForm.obj
 0001:00012c50       ?_Buyheadnode@?$_Tree_alloc@$0A@U?$_Tree_base_types@U?$pair@$$CBV?$basic_string@DU?$char_traits@D@std@@V?$allocator@D@2@@std@@V12@@std@@V?$allocator@U?$pair@$$CBV?$basic_string@DU?$char_traits@D@std@@V?$allocator@D@2@@std@@V12@@std@@@2@@std@@@std@@QAEPAU?$_Tree_node@U?$pair@$$CBV?$basic_string@DU?$char_traits@D@std@@V?$allocator@D@2@@std@@V12@@std@@PAX@2@XZ 00413c50 f i ListMainForm.obj
 0001:00012e60       ?_Buynode0@?$_Tree_buy@U?$pair@$$CBV?$basic_string@DU?$char_traits@D@std@@V?$allocator@D@2@@std@@V12@@std@@V?$allocator@U?$pair@$$CBV?$basic_string@DU?$char_traits@D@std@@V?$allocator@D@2@@std@@V12@@std@@@2@@std@@QAEPAU?$_Tree_node@U?$pair@$$CBV?$basic_string@DU?$char_traits@D@std@@V?$allocator@D@2@@std@@V12@@std@@PAX@2@XZ 00413e60 f i ListMainForm.obj
 0001:00013020       ?_Change_alloc@?$_String_alloc@$0A@U?$_String_base_types@DV?$allocator@D@std@@@std@@@std@@QAEXABU?$_Wrap_alloc@V?$allocator@D@std@@@2@@Z 00414020 f i ListMainForm.obj
 0001:00013040       ?_Chassign@?$basic_string@DU?$char_traits@D@std@@V?$allocator@D@2@@std@@QAEXIID@Z 00414040 f i ListMainForm.obj
[...]
 0004:000012c8       __imp_?_Orphan_all@_Container_base12@std@@QAEXXZ 004b72c8     msvcprtd:MSVCP110D.dll
 0004:000012cc       __imp_?_Getpfirst@_Container_base12@std@@QBEPAPAU_Iterator_base12@2@XZ 004b72cc     msvcprtd:MSVCP110D.dll
 0004:000012d0       __imp_??1_Container_base12@std@@QAE@XZ 004b72d0     msvcprtd:MSVCP110D.dll
 0004:000012d4       __imp_??0_Container_base12@std@@QAE@XZ 004b72d4     msvcprtd:MSVCP110D.dll
 0004:000012d8       __imp_?_Debug_message@std@@YAXPB_W0I@Z 004b72d8     msvcprtd:MSVCP110D.dll
 0004:000012dc       __imp_?uncaught_exception@std@@YA_NXZ 004b72dc     msvcprtd:MSVCP110D.dll
 0004:000012e0       __imp_??1_Lockit@std@@QAE@XZ 004b72e0     msvcprtd:MSVCP110D.dll
 0004:000012e4       __imp_??0_Lockit@std@@QAE@H@Z 004b72e4     msvcprtd:MSVCP110D.dll
 0004:000012e8       __imp_?good@ios_base@std@@QBE_NXZ 004b72e8     msvcprtd:MSVCP110D.dll
 0004:000012ec       \177MSVCP110D_NULL_THUNK_DATA 004b72ec     msvcprtd:MSVCP110D.dll
 0004:00001358       __imp__fclose              004b7358     msvcrtd:MSVCR110D.dll
 0004:0000135c       __imp__fflush              004b735c     msvcrtd:MSVCR110D.dll
 0004:00001360       __imp__fgetc               004b7360     msvcrtd:MSVCR110D.dll
 0004:00001364       __imp__fgetpos             004b7364     msvcrtd:MSVCR110D.dll
 0004:00001368       __imp__fputc               004b7368     msvcrtd:MSVCR110D.dll
 0004:0000136c       __imp__fsetpos             004b736c     msvcrtd:MSVCR110D.dll
 0004:00001370       __imp___fseeki64           004b7370     msvcrtd:MSVCR110D.dll
 0004:00001374       __imp__fwrite              004b7374     msvcrtd:MSVCR110D.dll
 0004:00001378       __imp__setvbuf             004b7378     msvcrtd:MSVCR110D.dll
 0004:0000137c       __imp__ungetc              004b737c     msvcrtd:MSVCR110D.dll
 0004:00001380       __imp__sprintf             004b7380     msvcrtd:MSVCR110D.dll
 0004:00001384       __imp___lock_file          004b7384     msvcrtd:MSVCR110D.dll
 0004:00001388       __imp___unlock_file        004b7388     msvcrtd:MSVCR110D.dll
 0004:0000138c       __imp___mbscmp             004b738c     msvcrtd:MSVCR110D.dll
 0004:00001390       __imp___CrtDbgReportW      004b7390     msvcrtd:MSVCR110D.dll
 0004:00001394       __imp_??0bad_cast@std@@QAE@PBD@Z 004b7394     msvcrtd:MSVCR110D.dll
 0004:00001398       __imp__strftime            004b7398     msvcrtd:MSVCR110D.dll
 0004:0000139c       __imp___localtime64        004b739c     msvcrtd:MSVCR110D.dll
 0004:000013a0       __imp___time64             004b73a0     msvcrtd:MSVCR110D.dll
 0004:000013a4       __imp_??0bad_cast@std@@QAE@ABV01@@Z 004b73a4     msvcrtd:MSVCR110D.dll
 0004:000013a8       __imp_??0exception@std@@QAE@ABV01@@Z 004b73a8     msvcrtd:MSVCR110D.dll
 0004:000013ac       __imp_??1bad_cast@std@@UAE@XZ 004b73ac     msvcrtd:MSVCR110D.dll
 0004:000013b0       __imp___CxxThrowException@8 004b73b0     msvcrtd:MSVCR110D.dll
 0004:000013b4       __imp____CxxFrameHandler3  004b73b4     msvcrtd:MSVCR110D.dll
 0004:000013b8       __imp__wcslen              004b73b8     msvcrtd:MSVCR110D.dll
 0004:000013bc       __imp__calloc              004b73bc     msvcrtd:MSVCR110D.dll
 0004:000013c0       __imp__realloc             004b73c0     msvcrtd:MSVCR110D.dll
 0004:000013c4       __imp____iob_func          004b73c4     msvcrtd:MSVCR110D.dll
 0004:000013c8       __imp__strcpy              004b73c8     msvcrtd:MSVCR110D.dll
 0004:000013cc       __imp___wassert            004b73cc     msvcrtd:MSVCR110D.dll
 0004:000013d0       __imp___errno              004b73d0     msvcrtd:MSVCR110D.dll
 0004:000013d4       __imp__isdigit             004b73d4     msvcrtd:MSVCR110D.dll
 0004:000013d8       __imp__strtol              004b73d8     msvcrtd:MSVCR110D.dll
 0004:000013dc       __imp__strncmp             004b73dc     msvcrtd:MSVCR110D.dll
 0004:000013e0       __imp__tolower             004b73e0     msvcrtd:MSVCR110D.dll
 0004:000013e4       __imp__strcmp              004b73e4     msvcrtd:MSVCR110D.dll
 0004:000013e8       __imp__sscanf              004b73e8     msvcrtd:MSVCR110D.dll
 0004:000013ec       __imp__fread               004b73ec     msvcrtd:MSVCR110D.dll
 0004:000013f0       __imp__strchr              004b73f0     msvcrtd:MSVCR110D.dll
 0004:000013f4       __imp__strtoul             004b73f4     msvcrtd:MSVCR110D.dll
 0004:000013f8       __imp__strpbrk             004b73f8     msvcrtd:MSVCR110D.dll
 0004:000013fc       __imp__isalpha             004b73fc     msvcrtd:MSVCR110D.dll
 0004:00001400       __imp__isxdigit            004b7400     msvcrtd:MSVCR110D.dll
 0004:00001404       __imp__strstr              004b7404     msvcrtd:MSVCR110D.dll
 0004:00001408       __imp__strncpy             004b7408     msvcrtd:MSVCR110D.dll
 0004:0000140c       __imp__strrchr             004b740c     msvcrtd:MSVCR110D.dll
 0004:00001410       __imp___strtoi64           004b7410     msvcrtd:MSVCR110D.dll
 0004:00001414       __imp__fopen               004b7414     msvcrtd:MSVCR110D.dll
 0004:00001418       __imp__fgets               004b7418     msvcrtd:MSVCR110D.dll
 0004:0000141c       __imp__qsort               004b741c     msvcrtd:MSVCR110D.dll
 0004:00001420       __imp__fputs               004b7420     msvcrtd:MSVCR110D.dll
 0004:00001424       __imp___beginthreadex      004b7424     msvcrtd:MSVCR110D.dll
 0004:00001428       __imp__strerror            004b7428     msvcrtd:MSVCR110D.dll
 0004:0000142c       __imp____sys_nerr          004b742c     msvcrtd:MSVCR110D.dll
 0004:00001430       __imp__isspace             004b7430     msvcrtd:MSVCR110D.dll
 0004:00001434       __imp___getpid             004b7434     msvcrtd:MSVCR110D.dll
 0004:00001438       __imp___lseeki64           004b7438     msvcrtd:MSVCR110D.dll
 0004:0000143c       __imp___fstat64            004b743c     msvcrtd:MSVCR110D.dll
 0004:00001440       __imp__atoi                004b7440     msvcrtd:MSVCR110D.dll
 0004:00001444       __imp__fseek               004b7444     msvcrtd:MSVCR110D.dll
 0004:00001448       __imp__getenv              004b7448     msvcrtd:MSVCR110D.dll
 0004:0000144c       __imp__isalnum             004b744c     msvcrtd:MSVCR110D.dll
 0004:00001450       __imp___gmtime64           004b7450     msvcrtd:MSVCR110D.dll
 0004:00001454       __imp___mbspbrk            004b7454     msvcrtd:MSVCR110D.dll
 0004:00001458       __imp__isupper             004b7458     msvcrtd:MSVCR110D.dll
 0004:0000145c       __imp__toupper             004b745c     msvcrtd:MSVCR110D.dll
 0004:00001460       __imp___stat64             004b7460     msvcrtd:MSVCR110D.dll
 0004:00001464       __imp__isgraph             004b7464     msvcrtd:MSVCR110D.dll
 0004:00001468       __imp__islower             004b7468     msvcrtd:MSVCR110D.dll
 0004:0000146c       __imp__isprint             004b746c     msvcrtd:MSVCR110D.dll
 0004:00001470       __imp___lock               004b7470     msvcrtd:MSVCR110D.dll
 0004:00001474       __imp___unlock             004b7474     msvcrtd:MSVCR110D.dll
 0004:00001478       __imp___calloc_dbg         004b7478     msvcrtd:MSVCR110D.dll
 0004:0000147c       __imp____dllonexit         004b747c     msvcrtd:MSVCR110D.dll
 0004:00001480       __imp___onexit             004b7480     msvcrtd:MSVCR110D.dll
 0004:00001484       __imp___CRT_RTC_INITW      004b7484     msvcrtd:MSVCR110D.dll
 0004:00001488       __imp_??1type_info@@UAE@XZ 004b7488     msvcrtd:MSVCR110D.dll
 0004:0000148c       __imp___XcptFilter         004b748c     msvcrtd:MSVCR110D.dll
 0004:00001490       __imp____crtGetShowWindowMode 004b7490     msvcrtd:MSVCR110D.dll
 0004:00001494       __imp___amsg_exit          004b7494     msvcrtd:MSVCR110D.dll
 0004:00001498       __imp____getmainargs       004b7498     msvcrtd:MSVCR110D.dll
 0004:0000149c       __imp____set_app_type      004b749c     msvcrtd:MSVCR110D.dll
 0004:000014a0       __imp___CrtSetCheckCount   004b74a0     msvcrtd:MSVCR110D.dll
 0004:000014a4       __imp__exit                004b74a4     msvcrtd:MSVCR110D.dll
 0004:000014a8       __imp___exit               004b74a8     msvcrtd:MSVCR110D.dll
 0004:000014ac       __imp___cexit              004b74ac     msvcrtd:MSVCR110D.dll
 0004:000014b0       __imp___ismbblead          004b74b0     msvcrtd:MSVCR110D.dll
 0004:000014b4       __imp___configthreadlocale 004b74b4     msvcrtd:MSVCR110D.dll
 0004:000014b8       __imp____setusermatherr    004b74b8     msvcrtd:MSVCR110D.dll
 0004:000014bc       __imp___initterm_e         004b74bc     msvcrtd:MSVCR110D.dll
 0004:000014c0       __imp___initterm           004b74c0     msvcrtd:MSVCR110D.dll
 0004:000014c4       __imp___acmdln             004b74c4     msvcrtd:MSVCR110D.dll
 0004:000014c8       __imp___fmode              004b74c8     msvcrtd:MSVCR110D.dll
 0004:000014cc       __imp___commode            004b74cc     msvcrtd:MSVCR110D.dll
 0004:000014d0       __imp___crt_debugger_hook  004b74d0     msvcrtd:MSVCR110D.dll
 0004:000014d4       __imp____crtUnhandledException 004b74d4     msvcrtd:MSVCR110D.dll
 0004:000014d8       __imp____crtTerminateProcess 004b74d8     msvcrtd:MSVCR110D.dll
 0004:000014dc       __imp___except_handler4_common 004b74dc     msvcrtd:MSVCR110D.dll
 0004:000014e0       __imp_?terminate@@YAXXZ    004b74e0     msvcrtd:MSVCR110D.dll
 0004:000014e4       __imp____crtSetUnhandledExceptionFilter 004b74e4     msvcrtd:MSVCR110D.dll
 0004:000014e8       __imp___invoke_watson      004b74e8     msvcrtd:MSVCR110D.dll
 0004:000014ec       __imp___controlfp_s        004b74ec     msvcrtd:MSVCR110D.dll
 0004:000014f0       __imp__wcscpy_s            004b74f0     msvcrtd:MSVCR110D.dll
 0004:000014f4       __imp___wmakepath_s        004b74f4     msvcrtd:MSVCR110D.dll
 0004:000014f8       __imp___wsplitpath_s       004b74f8     msvcrtd:MSVCR110D.dll
 0004:000014fc       __imp___read               004b74fc     msvcrtd:MSVCR110D.dll
 0004:000014fc       __imp__read                004b74fc     msvcrtd:MSVCR110D.dll
 0004:00001500       __imp___close              004b7500     msvcrtd:MSVCR110D.dll
 0004:00001500       __imp__close               004b7500     msvcrtd:MSVCR110D.dll
 0004:00001504       __imp___open               004b7504     msvcrtd:MSVCR110D.dll
 0004:00001504       __imp__open                004b7504     msvcrtd:MSVCR110D.dll
 0004:00001508       __imp__write               004b7508     msvcrtd:MSVCR110D.dll
 0004:00001508       __imp___write              004b7508     msvcrtd:MSVCR110D.dll
 0004:0000150c       __imp___strdup             004b750c     msvcrtd:MSVCR110D.dll
 0004:0000150c       __imp__strdup              004b750c     msvcrtd:MSVCR110D.dll
 0004:00001510       __imp__access              004b7510     msvcrtd:MSVCR110D.dll
 0004:00001510       __imp___access             004b7510     msvcrtd:MSVCR110D.dll
 0004:00001514       __imp___purecall           004b7514     msvcrtd:MSVCR110D.dll
 0004:00001518       __imp___invalid_parameter  004b7518     msvcrtd:MSVCR110D.dll
 0004:0000151c       __imp__memchr              004b751c     msvcrtd:MSVCR110D.dll
 0004:00001520       __imp__memcmp              004b7520     msvcrtd:MSVCR110D.dll
 0004:00001524       __imp__memcpy              004b7524     msvcrtd:MSVCR110D.dll
 0004:00001528       __imp__memcpy_s            004b7528     msvcrtd:MSVCR110D.dll
 0004:0000152c       __imp__memset              004b752c     msvcrtd:MSVCR110D.dll
 0004:00001530       __imp__strlen              004b7530     msvcrtd:MSVCR110D.dll
 0004:00001534       __imp__memmove             004b7534     msvcrtd:MSVCR110D.dll
 0004:00001538       __imp__free                004b7538     msvcrtd:MSVCR110D.dll
 0004:0000153c       __imp__malloc              004b753c     msvcrtd:MSVCR110D.dll
 0004:00001540       \177MSVCR110D_NULL_THUNK_DATA 004b7540     msvcrtd:MSVCR110D.dll
 0004:000015cc       __imp__GetErrorInfo@8      004b75cc     oleaut32:OLEAUT32.dll
 0004:000015d0       __imp__SetErrorInfo@8      004b75d0     oleaut32:OLEAUT32.dll
 0004:000015d4       __imp__VariantChangeType@16 004b75d4     oleaut32:OLEAUT32.dll
 0004:000015d8       __imp__VariantInit@4       004b75d8     oleaut32:OLEAUT32.dll
 0004:000015dc       __imp__VariantClear@4      004b75dc     oleaut32:OLEAUT32.dll
 0004:000015e0       __imp__SysAllocString@4    004b75e0     oleaut32:OLEAUT32.dll
 0004:000015e4       __imp__SysAllocStringByteLen@8 004b75e4     oleaut32:OLEAUT32.dll
 0004:000015e8       __imp__SysStringLen@4      004b75e8     oleaut32:OLEAUT32.dll
 0004:000015ec       __imp__SysFreeString@4     004b75ec     oleaut32:OLEAUT32.dll
 0004:000015f0       __imp__CreateErrorInfo@4   004b75f0     oleaut32:OLEAUT32.dll
 0004:000015f4       \177OLEAUT32_NULL_THUNK_DATA 004b75f4     oleaut32:OLEAUT32.dll
 0004:00001628       __imp__ShellExecuteA@24    004b7628     shell32:SHELL32.dll
 0004:0000162c       \177SHELL32_NULL_THUNK_DATA 004b762c     shell32:SHELL32.dll
 0004:00001658       __imp__SetWindowRgn@12     004b7658     user32:USER32.dll
 0004:0000165c       __imp__GetClientRect@8     004b765c     user32:USER32.dll
 0004:00001660       __imp__GetWindowRect@8     004b7660     user32:USER32.dll
 0004:00001664       __imp__MessageBoxA@16      004b7664     user32:USER32.dll
 0004:00001668       __imp__ClientToScreen@8    004b7668     user32:USER32.dll
 0004:0000166c       __imp__ReleaseDC@8         004b766c     user32:USER32.dll
 0004:00001670       __imp__GetWindowLongA@8    004b7670     user32:USER32.dll
 0004:00001674       __imp__SetWindowLongA@12   004b7674     user32:USER32.dll
 0004:00001678       __imp__GetParent@4         004b7678     user32:USER32.dll
 0004:0000167c       __imp__MonitorFromWindow@8 004b767c     user32:USER32.dll
 0004:00001680       __imp__GetMonitorInfoA@8   004b7680     user32:USER32.dll
 0004:00001684       __imp__KillTimer@8         004b7684     user32:USER32.dll
 0004:00001688       __imp__GetDC@4             004b7688     user32:USER32.dll
 0004:0000168c       __imp__SetTimer@16         004b768c     user32:USER32.dll
 0004:00001690       __imp__SetFocus@4          004b7690     user32:USER32.dll
 0004:00001694       __imp__IsZoomed@4          004b7694     user32:USER32.dll
 0004:00001698       __imp__IsIconic@4          004b7698     user32:USER32.dll
 0004:0000169c       __imp__SetWindowPos@28     004b769c     user32:USER32.dll
 0004:000016a0       __imp__UpdateLayeredWindow@36 004b76a0     user32:USER32.dll
 0004:000016a4       __imp__ShowWindow@8        004b76a4     user32:USER32.dll
 0004:000016a8       __imp__PostQuitMessage@4   004b76a8     user32:USER32.dll
 0004:000016ac       __imp__PostMessageA@16     004b76ac     user32:USER32.dll
 0004:000016b0       __imp__ScreenToClient@8    004b76b0     user32:USER32.dll
 0004:000016b4       __imp__SendMessageA@16     004b76b4     user32:USER32.dll
 0004:000016b8       \177USER32_NULL_THUNK_DATA 004b76b8     user32:USER32.dll
 0004:000016f4       __imp__ldap_first_entry    004b76f4     wldap32:WLDAP32.dll
 0004:000016f8       __imp__ldap_msgfree        004b76f8     wldap32:WLDAP32.dll
 0004:000016fc       __imp__ldap_value_free_len 004b76fc     wldap32:WLDAP32.dll
 0004:00001700       __imp__ldap_get_values_len 004b7700     wldap32:WLDAP32.dll
 0004:00001704       __imp__ber_free            004b7704     wldap32:WLDAP32.dll
 0004:00001708       __imp__ldap_next_attribute 004b7708     wldap32:WLDAP32.dll
 0004:0000170c       __imp__ldap_first_attribute 004b770c     wldap32:WLDAP32.dll
 0004:00001710       __imp__ldap_memfree        004b7710     wldap32:WLDAP32.dll
 0004:00001714       __imp__ldap_get_dn         004b7714     wldap32:WLDAP32.dll
 0004:00001718       __imp__ldap_next_entry     004b7718     wldap32:WLDAP32.dll
 0004:0000171c       __imp__ldap_search_s       004b771c     wldap32:WLDAP32.dll
 0004:00001720       __imp__ldap_simple_bind_s  004b7720     wldap32:WLDAP32.dll
 0004:00001724       __imp__ldap_init           004b7724     wldap32:WLDAP32.dll
 0004:00001728       __imp__ldap_set_option     004b7728     wldap32:WLDAP32.dll
 0004:0000172c       __imp__ldap_err2string     004b772c     wldap32:WLDAP32.dll
 0004:00001730       __imp__ldap_unbind_s       004b7730     wldap32:WLDAP32.dll
 0004:00001734       \177WLDAP32_NULL_THUNK_DATA 004b7734     wldap32:WLDAP32.dll
 0004:0000176c       __imp__bind@12             004b776c     ws2_32:WS2_32.dll
 0004:00001770       __imp__WSAIoctl@36         004b7770     ws2_32:WS2_32.dll
 0004:00001774       __imp__connect@12          004b7774     ws2_32:WS2_32.dll
 0004:00001778       __imp__setsockopt@20       004b7778     ws2_32:WS2_32.dll
 0004:0000177c       __imp__getsockopt@20       004b777c     ws2_32:WS2_32.dll
 0004:00001780       __imp__send@16             004b7780     ws2_32:WS2_32.dll
 0004:00001784       __imp____WSAFDIsSet@8      004b7784     ws2_32:WS2_32.dll
 0004:00001788       __imp__ntohs@4             004b7788     ws2_32:WS2_32.dll
 0004:0000178c       __imp__getpeername@12      004b778c     ws2_32:WS2_32.dll
 0004:00001790       __imp__getsockname@12      004b7790     ws2_32:WS2_32.dll
 0004:00001794       __imp__select@20           004b7794     ws2_32:WS2_32.dll
 0004:00001798       __imp__WSAGetLastError@0   004b7798     ws2_32:WS2_32.dll
 0004:0000179c       __imp__recv@16             004b779c     ws2_32:WS2_32.dll
 0004:000017a0       __imp__WSAStartup@8        004b77a0     ws2_32:WS2_32.dll
 0004:000017a4       __imp__WSACleanup@0        004b77a4     ws2_32:WS2_32.dll
 0004:000017a8       __imp__htons@4             004b77a8     ws2_32:WS2_32.dll
 0004:000017ac       __imp__gethostname@8       004b77ac     ws2_32:WS2_32.dll
 0004:000017b0       __imp__ioctlsocket@12      004b77b0     ws2_32:WS2_32.dll
 0004:000017b4       __imp__accept@12           004b77b4     ws2_32:WS2_32.dll
 0004:000017b8       __imp__listen@8            004b77b8     ws2_32:WS2_32.dll
 0004:000017bc       __imp__recvfrom@24         004b77bc     ws2_32:WS2_32.dll
 0004:000017c0       __imp__sendto@24           004b77c0     ws2_32:WS2_32.dll
 0004:000017c4       __imp__getaddrinfo@16      004b77c4     ws2_32:WS2_32.dll
 0004:000017c8       __imp__freeaddrinfo@4      004b77c8     ws2_32:WS2_32.dll
 0004:000017cc       __imp__socket@12           004b77cc     ws2_32:WS2_32.dll
 0004:000017d0       __imp__WSASetLastError@4   004b77d0     ws2_32:WS2_32.dll
 0004:000017d4       __imp__closesocket@4       004b77d4     ws2_32:WS2_32.dll
 0004:000017d8       \177WS2_32_NULL_THUNK_DATA 004b77d8     ws2_32:WS2_32.dll
 0004:00001818       __imp_??3@YAXPAX@Z         004b7818     mfc110d:mfc110d.dll
 0004:0000181c       __imp_??2@YAPAXI@Z         004b781c     mfc110d:mfc110d.dll
 0004:00001820       __imp_??_V@YAXPAX@Z        004b7820     mfc110d:mfc110d.dll
 0004:00001824       __imp_??B?$CSimpleStringT@D$00@ATL@@QBEPBDXZ 004b7824     mfc110d:mfc110d.dll
 0004:00001828       __imp_??0?$CStringT@DV?$StrTraitMFC_DLL@DV?$ChTraitsCRT@D@ATL@@@@@ATL@@QAE@ABV01@@Z 004b7828     mfc110d:mfc110d.dll
 0004:0000182c       __imp_??0?$CStringT@DV?$StrTraitMFC_DLL@DV?$ChTraitsCRT@D@ATL@@@@@ATL@@QAE@PB_W@Z 004b782c     mfc110d:mfc110d.dll
 0004:00001830       __imp_??1?$CStringT@DV?$StrTraitMFC_DLL@DV?$ChTraitsCRT@D@ATL@@@@@ATL@@QAE@XZ 004b7830     mfc110d:mfc110d.dll
 0004:00001834       __imp_??B?$CSimpleStringT@_W$00@ATL@@QBEPB_WXZ 004b7834     mfc110d:mfc110d.dll
 0004:00001838       __imp_??0?$CStringT@_WV?$StrTraitMFC_DLL@_WV?$ChTraitsCRT@_W@ATL@@@@@ATL@@QAE@PBD@Z 004b7838     mfc110d:mfc110d.dll
 0004:0000183c       __imp_??1?$CStringT@_WV?$StrTraitMFC_DLL@_WV?$ChTraitsCRT@_W@ATL@@@@@ATL@@QAE@XZ 004b783c     mfc110d:mfc110d.dll
 0004:00001840       __imp_?AfxAssertFailedLine@@YGHPBDH@Z 004b7840     mfc110d:mfc110d.dll
 0004:00001844       \177mfc110d_NULL_THUNK_DATA 004b7844     mfc110d:mfc110d.dll

 entry point at        0001:0007a3b0

